May 31 22:45:30 vvaucoul kernel: Loaded 128455 symbols from 1 module.
May 31 22:45:30 vvaucoul kernel: [    0.000000] Linux version 5.18.0 (root@vv) (gcc (GCC) 11.2.0, GNU ld (GNU Binutils) 2.38) #1 SMP PREEMPT_DYNAMIC Tue May 31 21:50:38 CEST 2022
May 31 22:45:30 vvaucoul kernel: [    0.000000] Command line: BOOT_IMAGE=/vmlinuz-5.18-little-penguin root=/dev/sda4 ro
May 31 22:45:30 vvaucoul kernel: [    0.000000] x86/fpu: Supporting XSAVE feature 0x001: 'x87 floating point registers'
May 31 22:45:30 vvaucoul kernel: [    0.000000] x86/fpu: Supporting XSAVE feature 0x002: 'SSE registers'
May 31 22:45:30 vvaucoul kernel: [    0.000000] x86/fpu: Supporting XSAVE feature 0x004: 'AVX registers'
May 31 22:45:30 vvaucoul kernel: [    0.000000] x86/fpu: xstate_offset[2]:  576, xstate_sizes[2]:  256
May 31 22:45:30 vvaucoul kernel: [    0.000000] x86/fpu: Enabled xstate features 0x7, context size is 832 bytes, using 'standard' format.
May 31 22:45:30 vvaucoul kernel: [    0.000000] signal: max sigframe size: 1776
May 31 22:45:30 vvaucoul kernel: [    0.000000] BIOS-provided physical RAM map:
May 31 22:45:30 vvaucoul kernel: [    0.000000] BIOS-e820: [mem 0x0000000000000000-0x000000000009fbff] usable
May 31 22:45:30 vvaucoul kernel: [    0.000000] BIOS-e820: [mem 0x000000000009fc00-0x000000000009ffff] reserved
May 31 22:45:30 vvaucoul kernel: [    0.000000] BIOS-e820: [mem 0x00000000000f0000-0x00000000000fffff] reserved
May 31 22:45:30 vvaucoul kernel: [    0.000000] BIOS-e820: [mem 0x0000000000100000-0x00000000dbfeffff] usable
May 31 22:45:30 vvaucoul kernel: [    0.000000] BIOS-e820: [mem 0x00000000dbff0000-0x00000000dbffffff] ACPI data
May 31 22:45:30 vvaucoul kernel: [    0.000000] BIOS-e820: [mem 0x00000000fec00000-0x00000000fec00fff] reserved
May 31 22:45:30 vvaucoul kernel: [    0.000000] BIOS-e820: [mem 0x00000000fee00000-0x00000000fee00fff] reserved
May 31 22:45:30 vvaucoul kernel: [    0.000000] BIOS-e820: [mem 0x00000000fffc0000-0x00000000ffffffff] reserved
May 31 22:45:30 vvaucoul kernel: [    0.000000] BIOS-e820: [mem 0x0000000100000000-0x0000000223ffffff] usable
May 31 22:45:30 vvaucoul kernel: [    0.000000] NX (Execute Disable) protection: active
May 31 22:45:30 vvaucoul kernel: [    0.000000] SMBIOS 2.5 present.
May 31 22:45:30 vvaucoul kernel: [    0.000000] DMI: innotek GmbH VirtualBox/VirtualBox, BIOS VirtualBox 12/01/2006
May 31 22:45:30 vvaucoul kernel: [    0.000000] Hypervisor detected: KVM
May 31 22:45:30 vvaucoul kernel: [    0.000000] kvm-clock: Using msrs 4b564d01 and 4b564d00
May 31 22:45:30 vvaucoul kernel: [    0.000001] kvm-clock: using sched offset of 4322039632 cycles
May 31 22:45:30 vvaucoul kernel: [    0.000004] clocksource: kvm-clock: mask: 0xffffffffffffffff max_cycles: 0x1cd42e4dffb, max_idle_ns: 881590591483 ns
May 31 22:45:30 vvaucoul kernel: [    0.000007] tsc: Detected 2591.998 MHz processor
May 31 22:45:30 vvaucoul kernel: [    0.000445] e820: update [mem 0x00000000-0x00000fff] usable ==> reserved
May 31 22:45:30 vvaucoul kernel: [    0.000447] e820: remove [mem 0x000a0000-0x000fffff] usable
May 31 22:45:30 vvaucoul kernel: [    0.000450] last_pfn = 0x224000 max_arch_pfn = 0x400000000
May 31 22:45:30 vvaucoul kernel: [    0.000459] Disabled
May 31 22:45:30 vvaucoul kernel: [    0.000460] x86/PAT: MTRRs disabled, skipping PAT initialization too.
May 31 22:45:30 vvaucoul kernel: [    0.000462] CPU MTRRs all blank - virtualized system.
May 31 22:45:30 vvaucoul kernel: [    0.000464] x86/PAT: Configuration [0-7]: WB  WT  UC- UC  WB  WT  UC- UC  
May 31 22:45:30 vvaucoul kernel: [    0.000465] last_pfn = 0xdbff0 max_arch_pfn = 0x400000000
May 31 22:45:30 vvaucoul kernel: [    0.000508] found SMP MP-table at [mem 0x0009fff0-0x0009ffff]
May 31 22:45:30 vvaucoul kernel: [    0.000849] ACPI: Early table checksum verification disabled
May 31 22:45:30 vvaucoul kernel: [    0.000852] ACPI: RSDP 0x00000000000E0000 000024 (v02 VBOX  )
May 31 22:45:30 vvaucoul kernel: [    0.000855] ACPI: XSDT 0x00000000DBFF0040 00004C (v01 VBOX   VBOXXSDT 00000001 ASL  00000061)
May 31 22:45:30 vvaucoul kernel: [    0.000860] ACPI: FACP 0x00000000DBFF0110 0000F4 (v04 VBOX   VBOXFACP 00000001 ASL  00000061)
May 31 22:45:30 vvaucoul kernel: [    0.000864] ACPI: DSDT 0x00000000DBFF0540 002325 (v02 VBOX   VBOXBIOS 00000002 INTL 20100528)
May 31 22:45:30 vvaucoul kernel: [    0.000867] ACPI: FACS 0x00000000DBFF0240 000040
May 31 22:45:30 vvaucoul kernel: [    0.000869] ACPI: FACS 0x00000000DBFF0240 000040
May 31 22:45:30 vvaucoul kernel: [    0.000872] ACPI: APIC 0x00000000DBFF0280 00006C (v02 VBOX   VBOXAPIC 00000001 ASL  00000061)
May 31 22:45:30 vvaucoul kernel: [    0.000874] ACPI: HPET 0x00000000DBFF02F0 000038 (v01 VBOX   VBOXHPET 00000001 ASL  00000061)
May 31 22:45:30 vvaucoul kernel: [    0.000877] ACPI: MCFG 0x00000000DBFF0330 00003C (v01 VBOX   VBOXMCFG 00000001 ASL  00000061)
May 31 22:45:30 vvaucoul kernel: [    0.000879] ACPI: SSDT 0x00000000DBFF0370 0001CC (v01 VBOX   VBOXCPUT 00000002 INTL 20100528)
May 31 22:45:30 vvaucoul kernel: [    0.000881] ACPI: Reserving FACP table memory at [mem 0xdbff0110-0xdbff0203]
May 31 22:45:30 vvaucoul kernel: [    0.000882] ACPI: Reserving DSDT table memory at [mem 0xdbff0540-0xdbff2864]
May 31 22:45:30 vvaucoul kernel: [    0.000883] ACPI: Reserving FACS table memory at [mem 0xdbff0240-0xdbff027f]
May 31 22:45:30 vvaucoul kernel: [    0.000884] ACPI: Reserving FACS table memory at [mem 0xdbff0240-0xdbff027f]
May 31 22:45:30 vvaucoul kernel: [    0.000884] ACPI: Reserving APIC table memory at [mem 0xdbff0280-0xdbff02eb]
May 31 22:45:30 vvaucoul kernel: [    0.000885] ACPI: Reserving HPET table memory at [mem 0xdbff02f0-0xdbff0327]
May 31 22:45:30 vvaucoul kernel: [    0.000886] ACPI: Reserving MCFG table memory at [mem 0xdbff0330-0xdbff036b]
May 31 22:45:30 vvaucoul kernel: [    0.000886] ACPI: Reserving SSDT table memory at [mem 0xdbff0370-0xdbff053b]
May 31 22:45:30 vvaucoul kernel: [    0.001010] No NUMA configuration found
May 31 22:45:30 vvaucoul kernel: [    0.001011] Faking a node at [mem 0x0000000000000000-0x0000000223ffffff]
May 31 22:45:30 vvaucoul kernel: [    0.001013] NODE_DATA(0) allocated [mem 0x223ff8000-0x223ffbfff]
May 31 22:45:30 vvaucoul kernel: [    0.001024] Zone ranges:
May 31 22:45:30 vvaucoul kernel: [    0.001025]   DMA      [mem 0x0000000000001000-0x0000000000ffffff]
May 31 22:45:30 vvaucoul kernel: [    0.001027]   DMA32    [mem 0x0000000001000000-0x00000000ffffffff]
May 31 22:45:30 vvaucoul kernel: [    0.001028]   Normal   [mem 0x0000000100000000-0x0000000223ffffff]
May 31 22:45:30 vvaucoul kernel: [    0.001029] Movable zone start for each node
May 31 22:45:30 vvaucoul kernel: [    0.001030] Early memory node ranges
May 31 22:45:30 vvaucoul kernel: [    0.001030]   node   0: [mem 0x0000000000001000-0x000000000009efff]
May 31 22:45:30 vvaucoul kernel: [    0.001031]   node   0: [mem 0x0000000000100000-0x00000000dbfeffff]
May 31 22:45:30 vvaucoul kernel: [    0.001032]   node   0: [mem 0x0000000100000000-0x0000000223ffffff]
May 31 22:45:30 vvaucoul kernel: [    0.001033] Initmem setup node 0 [mem 0x0000000000001000-0x0000000223ffffff]
May 31 22:45:30 vvaucoul kernel: [    0.001213] On node 0, zone DMA: 1 pages in unavailable ranges
May 31 22:45:30 vvaucoul kernel: [    0.001226] On node 0, zone DMA: 97 pages in unavailable ranges
May 31 22:45:30 vvaucoul kernel: [    0.019263] On node 0, zone Normal: 16400 pages in unavailable ranges
May 31 22:45:30 vvaucoul kernel: [    0.019372] On node 0, zone Normal: 16384 pages in unavailable ranges
May 31 22:45:30 vvaucoul kernel: [    0.019596] ACPI: PM-Timer IO Port: 0x4008
May 31 22:45:30 vvaucoul kernel: [    0.019641] IOAPIC[0]: apic_id 4, version 32, address 0xfec00000, GSI 0-23
May 31 22:45:30 vvaucoul kernel: [    0.019645] ACPI: INT_SRC_OVR (bus 0 bus_irq 0 global_irq 2 dfl dfl)
May 31 22:45:30 vvaucoul kernel: [    0.019647] ACPI: INT_SRC_OVR (bus 0 bus_irq 9 global_irq 9 low level)
May 31 22:45:30 vvaucoul kernel: [    0.019650] ACPI: Using ACPI (MADT) for SMP configuration information
May 31 22:45:30 vvaucoul kernel: [    0.019651] ACPI: HPET id: 0x8086a201 base: 0xfed00000
May 31 22:45:30 vvaucoul kernel: [    0.019659] smpboot: Allowing 4 CPUs, 0 hotplug CPUs
May 31 22:45:30 vvaucoul kernel: [    0.019675] PM: hibernation: Registered nosave memory: [mem 0x00000000-0x00000fff]
May 31 22:45:30 vvaucoul kernel: [    0.019677] PM: hibernation: Registered nosave memory: [mem 0x0009f000-0x0009ffff]
May 31 22:45:30 vvaucoul kernel: [    0.019678] PM: hibernation: Registered nosave memory: [mem 0x000a0000-0x000effff]
May 31 22:45:30 vvaucoul kernel: [    0.019679] PM: hibernation: Registered nosave memory: [mem 0x000f0000-0x000fffff]
May 31 22:45:30 vvaucoul kernel: [    0.019679] PM: hibernation: Registered nosave memory: [mem 0xdbff0000-0xdbffffff]
May 31 22:45:30 vvaucoul kernel: [    0.019680] PM: hibernation: Registered nosave memory: [mem 0xdc000000-0xfebfffff]
May 31 22:45:30 vvaucoul kernel: [    0.019681] PM: hibernation: Registered nosave memory: [mem 0xfec00000-0xfec00fff]
May 31 22:45:30 vvaucoul kernel: [    0.019681] PM: hibernation: Registered nosave memory: [mem 0xfec01000-0xfedfffff]
May 31 22:45:30 vvaucoul kernel: [    0.019682] PM: hibernation: Registered nosave memory: [mem 0xfee00000-0xfee00fff]
May 31 22:45:30 vvaucoul kernel: [    0.019682] PM: hibernation: Registered nosave memory: [mem 0xfee01000-0xfffbffff]
May 31 22:45:30 vvaucoul kernel: [    0.019683] PM: hibernation: Registered nosave memory: [mem 0xfffc0000-0xffffffff]
May 31 22:45:30 vvaucoul kernel: [    0.019684] [mem 0xdc000000-0xfebfffff] available for PCI devices
May 31 22:45:30 vvaucoul kernel: [    0.019685] Booting paravirtualized kernel on KVM
May 31 22:45:30 vvaucoul kernel: [    0.019687] clocksource: refined-jiffies: mask: 0xffffffff max_cycles: 0xffffffff, max_idle_ns: 1910969940391419 ns
May 31 22:45:30 vvaucoul kernel: [    0.023636] setup_percpu: NR_CPUS:64 nr_cpumask_bits:64 nr_cpu_ids:4 nr_node_ids:1
May 31 22:45:30 vvaucoul kernel: [    0.023909] percpu: Embedded 52 pages/cpu s176040 r8192 d28760 u524288
May 31 22:45:30 vvaucoul kernel: [    0.023913] pcpu-alloc: s176040 r8192 d28760 u524288 alloc=1*2097152
May 31 22:45:30 vvaucoul kernel: [    0.023915] pcpu-alloc: [0] 0 1 2 3 
May 31 22:45:30 vvaucoul kernel: [    0.023928] Fallback order for Node 0: 0 
May 31 22:45:30 vvaucoul kernel: [    0.023931] Built 1 zonelists, mobility grouping on.  Total pages: 2064112
May 31 22:45:30 vvaucoul kernel: [    0.023932] Policy zone: Normal
May 31 22:45:30 vvaucoul kernel: [    0.023933] Kernel command line: BOOT_IMAGE=/vmlinuz-5.18-little-penguin root=/dev/sda4 ro
May 31 22:45:30 vvaucoul kernel: [    0.023949] Unknown kernel command line parameters "BOOT_IMAGE=/vmlinuz-5.18-little-penguin", will be passed to user space.
May 31 22:45:30 vvaucoul kernel: [    0.024856] Dentry cache hash table entries: 1048576 (order: 11, 8388608 bytes, linear)
May 31 22:45:30 vvaucoul kernel: [    0.025306] Inode-cache hash table entries: 524288 (order: 10, 4194304 bytes, linear)
May 31 22:45:30 vvaucoul kernel: [    0.025368] mem auto-init: stack:off, heap alloc:off, heap free:off
May 31 22:45:30 vvaucoul kernel: [    0.047550] Memory: 8139748K/8388152K available (16396K kernel code, 2671K rwdata, 5084K rodata, 1276K init, 1216K bss, 248144K reserved, 0K cma-reserved)
May 31 22:45:30 vvaucoul kernel: [    0.047575] SLUB: HWalign=64, Order=0-3, MinObjects=0, CPUs=4, Nodes=1
May 31 22:45:30 vvaucoul kernel: [    0.047581] Kernel/User page tables isolation: enabled
May 31 22:45:30 vvaucoul kernel: [    0.048314] Dynamic Preempt: voluntary
May 31 22:45:30 vvaucoul kernel: [    0.048537] rcu: Preemptible hierarchical RCU implementation.
May 31 22:45:30 vvaucoul kernel: [    0.048538] rcu: ^IRCU event tracing is enabled.
May 31 22:45:30 vvaucoul kernel: [    0.048539] rcu: ^IRCU restricting CPUs from NR_CPUS=64 to nr_cpu_ids=4.
May 31 22:45:30 vvaucoul kernel: [    0.048540] ^ITrampoline variant of Tasks RCU enabled.
May 31 22:45:30 vvaucoul kernel: [    0.048541] rcu: RCU calculated value of scheduler-enlistment delay is 100 jiffies.
May 31 22:45:30 vvaucoul kernel: [    0.048542] rcu: Adjusting geometry for rcu_fanout_leaf=16, nr_cpu_ids=4
May 31 22:45:30 vvaucoul kernel: [    0.049298] NR_IRQS: 4352, nr_irqs: 456, preallocated irqs: 16
May 31 22:45:30 vvaucoul kernel: [    0.049557] random: get_random_bytes called from start_kernel+0x493/0x665 with crng_init=0
May 31 22:45:30 vvaucoul kernel: [    0.054006] Console: colour VGA+ 80x25
May 31 22:45:30 vvaucoul kernel: [    0.079195] printk: console [tty0] enabled
May 31 22:45:30 vvaucoul kernel: [    0.079372] ACPI: Core revision 20211217
May 31 22:45:30 vvaucoul kernel: [    0.079606] clocksource: hpet: mask: 0xffffffff max_cycles: 0xffffffff, max_idle_ns: 133484882848 ns
May 31 22:45:30 vvaucoul kernel: [    0.079973] APIC: Switch to symmetric I/O mode setup
May 31 22:45:30 vvaucoul kernel: [    0.081067] ..TIMER: vector=0x30 apic1=0 pin1=2 apic2=-1 pin2=-1
May 31 22:45:30 vvaucoul kernel: [    0.081298] clocksource: tsc-early: mask: 0xffffffffffffffff max_cycles: 0x255cb518234, max_idle_ns: 440795279333 ns
May 31 22:45:30 vvaucoul kernel: [    0.081637] Calibrating delay loop (skipped) preset value.. 5183.99 BogoMIPS (lpj=2591998)
May 31 22:45:30 vvaucoul kernel: [    0.081936] pid_max: default: 32768 minimum: 301
May 31 22:45:30 vvaucoul kernel: [    0.082121] LSM: Security Framework initializing
May 31 22:45:30 vvaucoul kernel: [    0.082296] SELinux:  Initializing.
May 31 22:45:30 vvaucoul kernel: [    0.082467] Mount-cache hash table entries: 16384 (order: 5, 131072 bytes, linear)
May 31 22:45:30 vvaucoul kernel: [    0.082642] Mountpoint-cache hash table entries: 16384 (order: 5, 131072 bytes, linear)
May 31 22:45:30 vvaucoul kernel: [    0.083124] Last level iTLB entries: 4KB 64, 2MB 8, 4MB 8
May 31 22:45:30 vvaucoul kernel: [    0.083314] Last level dTLB entries: 4KB 64, 2MB 0, 4MB 0, 1GB 4
May 31 22:45:30 vvaucoul kernel: [    0.083516] Spectre V1 : Mitigation: usercopy/swapgs barriers and __user pointer sanitization
May 31 22:45:30 vvaucoul kernel: [    0.083637] Spectre V2 : Mitigation: Retpolines
May 31 22:45:30 vvaucoul kernel: [    0.083808] Spectre V2 : Spectre v2 / SpectreRSB mitigation: Filling RSB on context switch
May 31 22:45:30 vvaucoul kernel: [    0.084092] Speculative Store Bypass: Vulnerable
May 31 22:45:30 vvaucoul kernel: [    0.084274] SRBDS: Unknown: Dependent on hypervisor status
May 31 22:45:30 vvaucoul kernel: [    0.084634] MDS: Mitigation: Clear CPU buffers
May 31 22:45:30 vvaucoul kernel: [    0.086104] Freeing SMP alternatives memory: 44K
May 31 22:45:30 vvaucoul kernel: [    0.188634] smpboot: CPU0: Intel(R) Core(TM) i7-9750H CPU @ 2.60GHz (family: 0x6, model: 0x9e, stepping: 0xa)
May 31 22:45:30 vvaucoul kernel: [    0.188634] cblist_init_generic: Setting adjustable number of callback queues.
May 31 22:45:30 vvaucoul kernel: [    0.188634] cblist_init_generic: Setting shift to 2 and lim to 1.
May 31 22:45:30 vvaucoul kernel: [    0.188634] Performance Events: unsupported p6 CPU model 158 no PMU driver, software events only.
May 31 22:45:30 vvaucoul kernel: [    0.188661] rcu: Hierarchical SRCU implementation.
May 31 22:45:30 vvaucoul kernel: [    0.189226] smp: Bringing up secondary CPUs ...
May 31 22:45:30 vvaucoul kernel: [    0.189683] x86: Booting SMP configuration:
May 31 22:45:30 vvaucoul kernel: [    0.189847] .... node  #0, CPUs:      #1 #2 #3
May 31 22:45:30 vvaucoul kernel: [    0.193720] smp: Brought up 1 node, 4 CPUs
May 31 22:45:30 vvaucoul kernel: [    0.194052] smpboot: Max logical packages: 1
May 31 22:45:30 vvaucoul kernel: [    0.194635] smpboot: Total of 4 processors activated (20735.98 BogoMIPS)
May 31 22:45:30 vvaucoul kernel: [    0.195139] devtmpfs: initialized
May 31 22:45:30 vvaucoul kernel: [    0.195686] clocksource: jiffies: mask: 0xffffffff max_cycles: 0xffffffff, max_idle_ns: 1911260446275000 ns
May 31 22:45:30 vvaucoul kernel: [    0.196473] futex hash table entries: 1024 (order: 4, 65536 bytes, linear)
May 31 22:45:30 vvaucoul kernel: [    0.196634] PM: RTC time: 20:45:27, date: 2022-05-31
May 31 22:45:30 vvaucoul kernel: [    0.196743] NET: Registered PF_NETLINK/PF_ROUTE protocol family
May 31 22:45:30 vvaucoul kernel: [    0.196988] audit: initializing netlink subsys (disabled)
May 31 22:45:30 vvaucoul kernel: [    0.197213] audit: type=2000 audit(1654029933.327:1): state=initialized audit_enabled=0 res=1
May 31 22:45:30 vvaucoul kernel: [    0.197213] thermal_sys: Registered thermal governor 'step_wise'
May 31 22:45:30 vvaucoul kernel: [    0.197213] thermal_sys: Registered thermal governor 'user_space'
May 31 22:45:30 vvaucoul kernel: [    0.197659] cpuidle: using governor menu
May 31 22:45:30 vvaucoul kernel: [    0.198074] PCI: MMCONFIG for domain 0000 [bus 00-3f] at [mem 0xdc000000-0xdfffffff] (base 0xdc000000)
May 31 22:45:30 vvaucoul kernel: [    0.198638] PCI: not using MMCONFIG
May 31 22:45:30 vvaucoul kernel: [    0.198788] PCI: Using configuration type 1 for base access
May 31 22:45:30 vvaucoul kernel: [    0.200269] kprobes: kprobe jump-optimization is enabled. All kprobes are optimized if possible.
May 31 22:45:30 vvaucoul kernel: [    0.200675] HugeTLB registered 2.00 MiB page size, pre-allocated 0 pages
May 31 22:45:30 vvaucoul kernel: [    0.200925] ACPI: Added _OSI(Module Device)
May 31 22:45:30 vvaucoul kernel: [    0.200925] ACPI: Added _OSI(Processor Device)
May 31 22:45:30 vvaucoul kernel: [    0.201005] ACPI: Added _OSI(3.0 _SCP Extensions)
May 31 22:45:30 vvaucoul kernel: [    0.201178] ACPI: Added _OSI(Processor Aggregator Device)
May 31 22:45:30 vvaucoul kernel: [    0.201365] ACPI: Added _OSI(Linux-Dell-Video)
May 31 22:45:30 vvaucoul kernel: [    0.201636] ACPI: Added _OSI(Linux-Lenovo-NV-HDMI-Audio)
May 31 22:45:30 vvaucoul kernel: [    0.201827] ACPI: Added _OSI(Linux-HPI-Hybrid-Graphics)
May 31 22:45:30 vvaucoul kernel: [    0.203334] ACPI: 2 ACPI AML tables successfully acquired and loaded
May 31 22:45:30 vvaucoul kernel: [    0.204726] ACPI: Interpreter enabled
May 31 22:45:30 vvaucoul kernel: [    0.204887] ACPI: PM: (supports S0 S5)
May 31 22:45:30 vvaucoul kernel: [    0.205041] ACPI: Using IOAPIC for interrupt routing
May 31 22:45:30 vvaucoul kernel: [    0.205367] PCI: MMCONFIG for domain 0000 [bus 00-3f] at [mem 0xdc000000-0xdfffffff] (base 0xdc000000)
May 31 22:45:30 vvaucoul kernel: [    0.205712] PCI: MMCONFIG at [mem 0xdc000000-0xdfffffff] reserved in ACPI motherboard resources
May 31 22:45:30 vvaucoul kernel: [    0.206026] PCI: Using host bridge windows from ACPI; if necessary, use "pci=nocrs" and report a bug
May 31 22:45:30 vvaucoul kernel: [    0.206399] ACPI: Enabled 2 GPEs in block 00 to 07
May 31 22:45:30 vvaucoul kernel: [    0.209387] ACPI: PCI Root Bridge [PCI0] (domain 0000 [bus 00-ff])
May 31 22:45:30 vvaucoul kernel: [    0.209600] acpi PNP0A03:00: _OSC: OS supports [ExtendedConfig ASPM ClockPM Segments MSI HPX-Type3]
May 31 22:45:30 vvaucoul kernel: [    0.209812] acpi PNP0A03:00: _OSC: platform does not support [PCIeCapability LTR]
May 31 22:45:30 vvaucoul kernel: [    0.210275] acpi PNP0A03:00: _OSC: not requesting control; platform does not support [PCIeCapability]
May 31 22:45:30 vvaucoul kernel: [    0.210584] acpi PNP0A03:00: _OSC: OS requested [PME PCIeCapability LTR]
May 31 22:45:30 vvaucoul kernel: [    0.210635] acpi PNP0A03:00: _OSC: platform willing to grant [PME]
May 31 22:45:30 vvaucoul kernel: [    0.210840] acpi PNP0A03:00: _OSC: platform retains control of PCIe features (AE_SUPPORT)
May 31 22:45:30 vvaucoul kernel: [    0.211126] acpi PNP0A03:00: [Firmware Info]: MMCONFIG for domain 0000 [bus 00-3f] only partially covers this bridge
May 31 22:45:30 vvaucoul kernel: [    0.211672] PCI host bridge to bus 0000:00
May 31 22:45:30 vvaucoul kernel: [    0.211837] pci_bus 0000:00: root bus resource [io  0x0000-0x0cf7 window]
May 31 22:45:30 vvaucoul kernel: [    0.212056] pci_bus 0000:00: root bus resource [io  0x0d00-0xffff window]
May 31 22:45:30 vvaucoul kernel: [    0.212273] pci_bus 0000:00: root bus resource [mem 0x000a0000-0x000bffff window]
May 31 22:45:30 vvaucoul kernel: [    0.212542] pci_bus 0000:00: root bus resource [mem 0xdc000000-0xfdffffff window]
May 31 22:45:30 vvaucoul kernel: [    0.212636] pci_bus 0000:00: root bus resource [mem 0x224000000-0xfffffffff pref window]
May 31 22:45:30 vvaucoul kernel: [    0.212918] pci_bus 0000:00: root bus resource [bus 00-ff]
May 31 22:45:30 vvaucoul kernel: [    0.213636] pci 0000:00:02.0: [15ad:0405] type 00 class 0x030000
May 31 22:45:30 vvaucoul kernel: [    0.216653] pci 0000:00:02.0: reg 0x10: [io  0xd000-0xd00f]
May 31 22:45:30 vvaucoul kernel: [    0.220642] pci 0000:00:02.0: reg 0x14: [mem 0xe0000000-0xe7ffffff pref]
May 31 22:45:30 vvaucoul kernel: [    0.223651] pci 0000:00:02.0: reg 0x18: [mem 0xe8000000-0xe81fffff]
May 31 22:45:30 vvaucoul kernel: [    0.238686] pci 0000:00:02.0: Video device with shadowed ROM at [mem 0x000c0000-0x000dffff]
May 31 22:45:30 vvaucoul kernel: [    0.239814] pci 0000:00:03.0: [8086:100e] type 00 class 0x020000
May 31 22:45:30 vvaucoul kernel: [    0.241701] pci 0000:00:03.0: reg 0x10: [mem 0xe8200000-0xe821ffff]
May 31 22:45:30 vvaucoul kernel: [    0.246640] pci 0000:00:03.0: reg 0x18: [io  0xd010-0xd017]
May 31 22:45:30 vvaucoul kernel: [    0.256940] pci 0000:00:04.0: [80ee:cafe] type 00 class 0x088000
May 31 22:45:30 vvaucoul kernel: [    0.258666] pci 0000:00:04.0: reg 0x10: [io  0xd020-0xd03f]
May 31 22:45:30 vvaucoul kernel: [    0.260673] pci 0000:00:04.0: reg 0x14: [mem 0xe8400000-0xe87fffff]
May 31 22:45:30 vvaucoul kernel: [    0.262677] pci 0000:00:04.0: reg 0x18: [mem 0xe8800000-0xe8803fff pref]
May 31 22:45:30 vvaucoul kernel: [    0.271904] pci 0000:00:07.0: [8086:7113] type 00 class 0x068000
May 31 22:45:30 vvaucoul kernel: [    0.272795] pci 0000:00:07.0: quirk: [io  0x4000-0x403f] claimed by PIIX4 ACPI
May 31 22:45:30 vvaucoul kernel: [    0.273071] pci 0000:00:07.0: quirk: [io  0x4100-0x410f] claimed by PIIX4 SMB
May 31 22:45:30 vvaucoul kernel: [    0.273542] pci 0000:00:1f.0: [8086:27b9] type 00 class 0x060100
May 31 22:45:30 vvaucoul kernel: [    0.273909] pci 0000:00:1f.0: quirk: [io  0x8000-0x807f] claimed by ICH6 ACPI/GPIO/TCO
May 31 22:45:30 vvaucoul kernel: [    0.274417] pci 0000:00:1f.1: [8086:7111] type 00 class 0x01018a
May 31 22:45:30 vvaucoul kernel: [    0.274882] pci 0000:00:1f.1: reg 0x20: [io  0xd040-0xd04f]
May 31 22:45:30 vvaucoul kernel: [    0.275206] pci 0000:00:1f.1: legacy IDE quirk: reg 0x10: [io  0x01f0-0x01f7]
May 31 22:45:30 vvaucoul kernel: [    0.275434] pci 0000:00:1f.1: legacy IDE quirk: reg 0x14: [io  0x03f6]
May 31 22:45:30 vvaucoul kernel: [    0.275634] pci 0000:00:1f.1: legacy IDE quirk: reg 0x18: [io  0x0170-0x0177]
May 31 22:45:30 vvaucoul kernel: [    0.275634] pci 0000:00:1f.1: legacy IDE quirk: reg 0x1c: [io  0x0376]
May 31 22:45:30 vvaucoul kernel: [    0.275801] pci 0000:00:1f.2: [8086:2829] type 00 class 0x010601
May 31 22:45:30 vvaucoul kernel: [    0.278710] pci 0000:00:1f.2: reg 0x10: [io  0xd050-0xd057]
May 31 22:45:30 vvaucoul kernel: [    0.279715] pci 0000:00:1f.2: reg 0x14: [io  0xd058-0xd05b]
May 31 22:45:30 vvaucoul kernel: [    0.282688] pci 0000:00:1f.2: reg 0x18: [io  0xd060-0xd067]
May 31 22:45:30 vvaucoul kernel: [    0.285707] pci 0000:00:1f.2: reg 0x1c: [io  0xd068-0xd06b]
May 31 22:45:30 vvaucoul kernel: [    0.287653] pci 0000:00:1f.2: reg 0x20: [io  0xd070-0xd07f]
May 31 22:45:30 vvaucoul kernel: [    0.289665] pci 0000:00:1f.2: reg 0x24: [mem 0xe8804000-0xe8805fff]
May 31 22:45:30 vvaucoul kernel: [    0.293046] pci 0000:00:1f.4: [106b:003f] type 00 class 0x0c0310
May 31 22:45:30 vvaucoul kernel: [    0.295656] pci 0000:00:1f.4: reg 0x10: [mem 0xe8806000-0xe8806fff]
May 31 22:45:30 vvaucoul kernel: [    0.310865] pci 0000:00:1f.5: [8086:265c] type 00 class 0x0c0320
May 31 22:45:30 vvaucoul kernel: [    0.313648] pci 0000:00:1f.5: reg 0x10: [mem 0xe8807000-0xe8807fff]
May 31 22:45:30 vvaucoul kernel: [    0.330094] ACPI: PCI: Interrupt link LNKA configured for IRQ 11
May 31 22:45:30 vvaucoul kernel: [    0.330311] ACPI: PCI: Interrupt link LNKA disabled
May 31 22:45:30 vvaucoul kernel: [    0.330709] ACPI: PCI: Interrupt link LNKB configured for IRQ 9
May 31 22:45:30 vvaucoul kernel: [    0.330912] ACPI: PCI: Interrupt link LNKB disabled
May 31 22:45:30 vvaucoul kernel: [    0.331167] ACPI: PCI: Interrupt link LNKC configured for IRQ 11
May 31 22:45:30 vvaucoul kernel: [    0.331370] ACPI: PCI: Interrupt link LNKC disabled
May 31 22:45:30 vvaucoul kernel: [    0.331681] ACPI: PCI: Interrupt link LNKD configured for IRQ 11
May 31 22:45:30 vvaucoul kernel: [    0.331884] ACPI: PCI: Interrupt link LNKD disabled
May 31 22:45:30 vvaucoul kernel: [    0.332191] iommu: Default domain type: Translated 
May 31 22:45:30 vvaucoul kernel: [    0.332373] iommu: DMA domain TLB invalidation policy: lazy mode 
May 31 22:45:30 vvaucoul kernel: [    0.332658] SCSI subsystem initialized
May 31 22:45:30 vvaucoul kernel: [    0.332856] libata version 3.00 loaded.
May 31 22:45:30 vvaucoul kernel: [    0.332856] ACPI: bus type USB registered
May 31 22:45:30 vvaucoul kernel: [    0.332861] usbcore: registered new interface driver usbfs
May 31 22:45:30 vvaucoul kernel: [    0.333057] usbcore: registered new interface driver hub
May 31 22:45:30 vvaucoul kernel: [    0.333247] usbcore: registered new device driver usb
May 31 22:45:30 vvaucoul kernel: [    0.333443] pps_core: LinuxPPS API ver. 1 registered
May 31 22:45:30 vvaucoul kernel: [    0.333621] pps_core: Software ver. 5.3.6 - Copyright 2005-2007 Rodolfo Giometti <giometti@linux.it>
May 31 22:45:30 vvaucoul kernel: [    0.333639] PTP clock support registered
May 31 22:45:30 vvaucoul kernel: [    0.333826] Advanced Linux Sound Architecture Driver Initialized.
May 31 22:45:30 vvaucoul kernel: [    0.333982] NetLabel: Initializing
May 31 22:45:30 vvaucoul kernel: [    0.334635] NetLabel:  domain hash size = 128
May 31 22:45:30 vvaucoul kernel: [    0.334801] NetLabel:  protocols = UNLABELED CIPSOv4 CALIPSO
May 31 22:45:30 vvaucoul kernel: [    0.335009] NetLabel:  unlabeled traffic allowed by default
May 31 22:45:30 vvaucoul kernel: [    0.335236] PCI: Using ACPI for IRQ routing
May 31 22:45:30 vvaucoul kernel: [    0.339872] PCI: pci_cache_line_size set to 64 bytes
May 31 22:45:30 vvaucoul kernel: [    0.340007] e820: reserve RAM buffer [mem 0x0009fc00-0x0009ffff]
May 31 22:45:30 vvaucoul kernel: [    0.340012] e820: reserve RAM buffer [mem 0xdbff0000-0xdbffffff]
May 31 22:45:30 vvaucoul kernel: [    0.340033] pci 0000:00:02.0: vgaarb: setting as boot VGA device
May 31 22:45:30 vvaucoul kernel: [    0.340033] pci 0000:00:02.0: vgaarb: bridge control possible
May 31 22:45:30 vvaucoul kernel: [    0.340066] pci 0000:00:02.0: vgaarb: VGA device added: decodes=io+mem,owns=io+mem,locks=none
May 31 22:45:30 vvaucoul kernel: [    0.340637] vgaarb: loaded
May 31 22:45:30 vvaucoul kernel: [    0.340792] hpet: 4 channels of 0 reserved for per-cpu timers
May 31 22:45:30 vvaucoul kernel: [    0.340998] hpet0: at MMIO 0xfed00000, IRQs 2, 8, 0, 0
May 31 22:45:30 vvaucoul kernel: [    0.341184] hpet0: 4 comparators, 64-bit 14.318180 MHz counter
May 31 22:45:30 vvaucoul kernel: [    0.345718] clocksource: Switched to clocksource kvm-clock
May 31 22:45:30 vvaucoul kernel: [    0.418145] VFS: Disk quotas dquot_6.6.0
May 31 22:45:30 vvaucoul kernel: [    0.418321] VFS: Dquot-cache hash table entries: 512 (order 0, 4096 bytes)
May 31 22:45:30 vvaucoul kernel: [    0.418790] pnp: PnP ACPI init
May 31 22:45:30 vvaucoul kernel: [    0.419105] system 00:03: [mem 0xfed00000-0xfed003ff] has been reserved
May 31 22:45:30 vvaucoul kernel: [    0.419428] system 00:04: [mem 0xdc000000-0xdfffffff] has been reserved
May 31 22:45:30 vvaucoul kernel: [    0.420011] pnp: PnP ACPI: found 5 devices
May 31 22:45:30 vvaucoul kernel: [    0.432806] clocksource: acpi_pm: mask: 0xffffff max_cycles: 0xffffff, max_idle_ns: 2085701024 ns
May 31 22:45:30 vvaucoul kernel: [    0.433145] NET: Registered PF_INET protocol family
May 31 22:45:30 vvaucoul kernel: [    0.433661] IP idents hash table entries: 131072 (order: 8, 1048576 bytes, linear)
May 31 22:45:30 vvaucoul kernel: [    0.434787] tcp_listen_portaddr_hash hash table entries: 4096 (order: 4, 65536 bytes, linear)
May 31 22:45:30 vvaucoul kernel: [    0.435093] TCP established hash table entries: 65536 (order: 7, 524288 bytes, linear)
May 31 22:45:30 vvaucoul kernel: [    0.435409] TCP bind hash table entries: 65536 (order: 8, 1048576 bytes, linear)
May 31 22:45:30 vvaucoul kernel: [    0.435939] TCP: Hash tables configured (established 65536 bind 65536)
May 31 22:45:30 vvaucoul kernel: [    0.436191] UDP hash table entries: 4096 (order: 5, 131072 bytes, linear)
May 31 22:45:30 vvaucoul kernel: [    0.436480] UDP-Lite hash table entries: 4096 (order: 5, 131072 bytes, linear)
May 31 22:45:30 vvaucoul kernel: [    0.436690] NET: Registered PF_UNIX/PF_LOCAL protocol family
May 31 22:45:30 vvaucoul kernel: [    0.437406] RPC: Registered named UNIX socket transport module.
May 31 22:45:30 vvaucoul kernel: [    0.437630] RPC: Registered udp transport module.
May 31 22:45:30 vvaucoul kernel: [    0.437806] RPC: Registered tcp transport module.
May 31 22:45:30 vvaucoul kernel: [    0.437982] RPC: Registered tcp NFSv4.1 backchannel transport module.
May 31 22:45:30 vvaucoul kernel: [    0.438615] pci_bus 0000:00: resource 4 [io  0x0000-0x0cf7 window]
May 31 22:45:30 vvaucoul kernel: [    0.438880] pci_bus 0000:00: resource 5 [io  0x0d00-0xffff window]
May 31 22:45:30 vvaucoul kernel: [    0.439094] pci_bus 0000:00: resource 6 [mem 0x000a0000-0x000bffff window]
May 31 22:45:30 vvaucoul kernel: [    0.439317] pci_bus 0000:00: resource 7 [mem 0xdc000000-0xfdffffff window]
May 31 22:45:30 vvaucoul kernel: [    0.439548] pci_bus 0000:00: resource 8 [mem 0x224000000-0xfffffffff pref window]
May 31 22:45:30 vvaucoul kernel: [    0.441264] PCI: CLS 0 bytes, default 64
May 31 22:45:30 vvaucoul kernel: [    0.441442] PCI-DMA: Using software bounce buffering for IO (SWIOTLB)
May 31 22:45:30 vvaucoul kernel: [    0.441683] software IO TLB: mapped [mem 0x00000000d7ff0000-0x00000000dbff0000] (64MB)
May 31 22:45:30 vvaucoul kernel: [    0.442345] RAPL PMU: API unit is 2^-32 Joules, 0 fixed counters, 10737418240 ms ovfl timer
May 31 22:45:30 vvaucoul kernel: [    0.442670] clocksource: tsc: mask: 0xffffffffffffffff max_cycles: 0x255cb518234, max_idle_ns: 440795279333 ns
May 31 22:45:30 vvaucoul kernel: [    0.443174] clocksource: Switched to clocksource tsc
May 31 22:45:30 vvaucoul kernel: [    0.445479] Initialise system trusted keyrings
May 31 22:45:30 vvaucoul kernel: [    0.445817] workingset: timestamp_bits=56 max_order=21 bucket_order=0
May 31 22:45:30 vvaucoul kernel: [    0.447148] NFS: Registering the id_resolver key type
May 31 22:45:30 vvaucoul kernel: [    0.447365] Key type id_resolver registered
May 31 22:45:30 vvaucoul kernel: [    0.447532] Key type id_legacy registered
May 31 22:45:30 vvaucoul kernel: [    0.447850] 9p: Installing v9fs 9p2000 file system support
May 31 22:45:30 vvaucoul kernel: [    0.455352] Key type asymmetric registered
May 31 22:45:30 vvaucoul kernel: [    0.455519] Asymmetric key parser 'x509' registered
May 31 22:45:30 vvaucoul kernel: [    0.455708] Block layer SCSI generic (bsg) driver version 0.4 loaded (major 251)
May 31 22:45:30 vvaucoul kernel: [    0.456163] io scheduler mq-deadline registered
May 31 22:45:30 vvaucoul kernel: [    0.456163] io scheduler kyber registered
May 31 22:45:30 vvaucoul kernel: [    0.457297] ACPI: AC: AC Adapter [AC] (on-line)
May 31 22:45:30 vvaucoul kernel: [    0.457504] input: Power Button as /devices/LNXSYSTM:00/LNXPWRBN:00/input/input0
May 31 22:45:30 vvaucoul kernel: [    0.457795] ACPI: button: Power Button [PWRF]
May 31 22:45:30 vvaucoul kernel: [    0.458032] input: Sleep Button as /devices/LNXSYSTM:00/LNXSLPBN:00/input/input1
May 31 22:45:30 vvaucoul kernel: [    0.458322] ACPI: button: Sleep Button [SLPF]
May 31 22:45:30 vvaucoul kernel: [    0.458555] ACPI: video: Video Device [GFX0] (multi-head: yes  rom: no  post: no)
May 31 22:45:30 vvaucoul kernel: [    0.458888] input: Video Bus as /devices/LNXSYSTM:00/LNXSYBUS:00/PNP0A03:00/LNXVIDEO:00/input/input2
May 31 22:45:30 vvaucoul kernel: [    0.459683] Serial: 8250/16550 driver, 4 ports, IRQ sharing enabled
May 31 22:45:30 vvaucoul kernel: [    0.460046] ACPI: battery: Slot [BAT0] (battery present)
May 31 22:45:30 vvaucoul kernel: [    0.460881] Non-volatile memory driver v1.3
May 31 22:45:30 vvaucoul kernel: [    0.461056] Linux agpgart interface v0.103
May 31 22:45:30 vvaucoul kernel: [    0.461247] ACPI: bus type drm_connector registered
May 31 22:45:30 vvaucoul kernel: [    0.463894] loop: module loaded
May 31 22:45:30 vvaucoul kernel: [    0.464084] ahci 0000:00:1f.2: version 3.0
May 31 22:45:30 vvaucoul kernel: [    0.464540] ahci 0000:00:1f.2: SSS flag set, parallel bus scan disabled
May 31 22:45:30 vvaucoul kernel: [    0.464905] ahci 0000:00:1f.2: AHCI 0001.0100 32 slots 3 ports 3 Gbps 0x7 impl SATA mode
May 31 22:45:30 vvaucoul kernel: [    0.465198] ahci 0000:00:1f.2: flags: 64bit ncq stag only ccc 
May 31 22:45:30 vvaucoul kernel: [    0.466142] scsi host0: ahci
May 31 22:45:30 vvaucoul kernel: [    0.466790] scsi host1: ahci
May 31 22:45:30 vvaucoul kernel: [    0.467440] scsi host2: ahci
May 31 22:45:30 vvaucoul kernel: [    0.467617] ata1: SATA max UDMA/133 abar m8192@0xe8804000 port 0xe8804100 irq 24
May 31 22:45:30 vvaucoul kernel: [    0.467918] ata2: SATA max UDMA/133 abar m8192@0xe8804000 port 0xe8804180 irq 24
May 31 22:45:30 vvaucoul kernel: [    0.468199] ata3: SATA max UDMA/133 abar m8192@0xe8804000 port 0xe8804200 irq 24
May 31 22:45:30 vvaucoul kernel: [    0.468496] ata_piix 0000:00:1f.1: version 2.13
May 31 22:45:30 vvaucoul kernel: [    0.469201] scsi host3: ata_piix
May 31 22:45:30 vvaucoul kernel: [    0.469794] scsi host4: ata_piix
May 31 22:45:30 vvaucoul kernel: [    0.469967] ata4: PATA max UDMA/33 cmd 0x1f0 ctl 0x3f6 bmdma 0xd040 irq 14
May 31 22:45:30 vvaucoul kernel: [    0.470192] ata5: PATA max UDMA/33 cmd 0x170 ctl 0x376 bmdma 0xd048 irq 15
May 31 22:45:30 vvaucoul kernel: [    0.470540] e100: Intel(R) PRO/100 Network Driver
May 31 22:45:30 vvaucoul kernel: [    0.470748] e100: Copyright(c) 1999-2006 Intel Corporation
May 31 22:45:30 vvaucoul kernel: [    0.471058] e1000: Intel(R) PRO/1000 Network Driver
May 31 22:45:30 vvaucoul kernel: [    0.471247] e1000: Copyright (c) 1999-2006 Intel Corporation.
May 31 22:45:30 vvaucoul kernel: [    0.636432] ata4.00: ATAPI: VBOX CD-ROM, 1.0, max UDMA/133
May 31 22:45:30 vvaucoul kernel: [    0.777296] ata1: SATA link up 3.0 Gbps (SStatus 123 SControl 300)
May 31 22:45:30 vvaucoul kernel: [    0.777743] ata1.00: ATA-6: VBOX HARDDISK, 1.0, max UDMA/133
May 31 22:45:30 vvaucoul kernel: [    0.777944] ata1.00: 67108864 sectors, multi 128: LBA48 NCQ (depth 32)
May 31 22:45:30 vvaucoul kernel: [    0.778576] ata1.00: configured for UDMA/133
May 31 22:45:30 vvaucoul kernel: [    0.778893] scsi 0:0:0:0: Direct-Access     ATA      VBOX HARDDISK    1.0  PQ: 0 ANSI: 5
May 31 22:45:30 vvaucoul kernel: [    0.779438] scsi 0:0:0:0: Attached scsi generic sg0 type 0
May 31 22:45:30 vvaucoul kernel: [    0.779703] sd 0:0:0:0: [sda] 67108864 512-byte logical blocks: (34.4 GB/32.0 GiB)
May 31 22:45:30 vvaucoul kernel: [    0.780023] sd 0:0:0:0: [sda] Write Protect is off
May 31 22:45:30 vvaucoul kernel: [    0.780269] sd 0:0:0:0: [sda] Mode Sense: 00 3a 00 00
May 31 22:45:30 vvaucoul kernel: [    0.780290] sd 0:0:0:0: [sda] Write cache: enabled, read cache: enabled, doesn't support DPO or FUA
May 31 22:45:30 vvaucoul kernel: [    0.785717]  sda: sda1 sda2 sda3 sda4
May 31 22:45:30 vvaucoul kernel: [    0.786004] sd 0:0:0:0: [sda] Attached SCSI disk
May 31 22:45:30 vvaucoul kernel: [    0.804953] e1000 0000:00:03.0 eth0: (PCI:33MHz:32-bit) 08:00:27:d8:c6:c1
May 31 22:45:30 vvaucoul kernel: [    0.805183] e1000 0000:00:03.0 eth0: Intel(R) PRO/1000 Network Connection
May 31 22:45:30 vvaucoul kernel: [    0.805445] e1000e: Intel(R) PRO/1000 Network Driver
May 31 22:45:30 vvaucoul kernel: [    0.805623] e1000e: Copyright(c) 1999 - 2015 Intel Corporation.
May 31 22:45:30 vvaucoul kernel: [    0.805807] sky2: driver version 1.30
May 31 22:45:30 vvaucoul kernel: [    0.806211] ehci_hcd: USB 2.0 'Enhanced' Host Controller (EHCI) Driver
May 31 22:45:30 vvaucoul kernel: [    0.806450] ehci-pci: EHCI PCI platform driver
May 31 22:45:30 vvaucoul kernel: [    0.807128] ehci-pci 0000:00:1f.5: EHCI Host Controller
May 31 22:45:30 vvaucoul kernel: [    0.807545] ehci-pci 0000:00:1f.5: new USB bus registered, assigned bus number 1
May 31 22:45:30 vvaucoul kernel: [    0.808051] ehci-pci 0000:00:1f.5: irq 25, io mem 0xe8807000
May 31 22:45:30 vvaucoul kernel: [    0.817030] ehci-pci 0000:00:1f.5: USB 2.0 started, EHCI 1.00
May 31 22:45:30 vvaucoul kernel: [    0.817263] usb usb1: New USB device found, idVendor=1d6b, idProduct=0002, bcdDevice= 5.18
May 31 22:45:30 vvaucoul kernel: [    0.817548] usb usb1: New USB device strings: Mfr=3, Product=2, SerialNumber=1
May 31 22:45:30 vvaucoul kernel: [    0.817810] usb usb1: Product: EHCI Host Controller
May 31 22:45:30 vvaucoul kernel: [    0.817981] usb usb1: Manufacturer: Linux 5.18.0 ehci_hcd
May 31 22:45:30 vvaucoul kernel: [    0.817981] usb usb1: SerialNumber: 0000:00:1f.5
May 31 22:45:30 vvaucoul kernel: [    0.818658] hub 1-0:1.0: USB hub found
May 31 22:45:30 vvaucoul kernel: [    0.818823] hub 1-0:1.0: 12 ports detected
May 31 22:45:30 vvaucoul kernel: [    0.819191] ohci_hcd: USB 1.1 'Open' Host Controller (OHCI) Driver
May 31 22:45:30 vvaucoul kernel: [    0.819401] ohci-pci: OHCI PCI platform driver
May 31 22:45:30 vvaucoul kernel: [    0.820103] ohci-pci 0000:00:1f.4: OHCI PCI host controller
May 31 22:45:30 vvaucoul kernel: [    0.820514] ohci-pci 0000:00:1f.4: new USB bus registered, assigned bus number 2
May 31 22:45:30 vvaucoul kernel: [    0.820968] ohci-pci 0000:00:1f.4: irq 26, io mem 0xe8806000
May 31 22:45:30 vvaucoul kernel: [    0.873832] usb usb2: New USB device found, idVendor=1d6b, idProduct=0001, bcdDevice= 5.18
May 31 22:45:30 vvaucoul kernel: [    0.874142] usb usb2: New USB device strings: Mfr=3, Product=2, SerialNumber=1
May 31 22:45:30 vvaucoul kernel: [    0.874422] usb usb2: Product: OHCI PCI host controller
May 31 22:45:30 vvaucoul kernel: [    0.874645] usb usb2: Manufacturer: Linux 5.18.0 ohci_hcd
May 31 22:45:30 vvaucoul kernel: [    0.874846] usb usb2: SerialNumber: 0000:00:1f.4
May 31 22:45:30 vvaucoul kernel: [    0.875244] hub 2-0:1.0: USB hub found
May 31 22:45:30 vvaucoul kernel: [    0.875426] hub 2-0:1.0: 12 ports detected
May 31 22:45:30 vvaucoul kernel: [    0.875983] uhci_hcd: USB Universal Host Controller Interface driver
May 31 22:45:30 vvaucoul kernel: [    0.876293] usbcore: registered new interface driver usblp
May 31 22:45:30 vvaucoul kernel: [    0.876495] usbcore: registered new interface driver usb-storage
May 31 22:45:30 vvaucoul kernel: [    0.876698] i8042: PNP: PS/2 Controller [PNP0303:PS2K,PNP0f03:PS2M] at 0x60,0x64 irq 1,12
May 31 22:45:30 vvaucoul kernel: [    0.877422] serio: i8042 KBD port at 0x60,0x64 irq 1
May 31 22:45:30 vvaucoul kernel: [    0.877611] serio: i8042 AUX port at 0x60,0x64 irq 12
May 31 22:45:30 vvaucoul kernel: [    0.878726] input: AT Translated Set 2 keyboard as /devices/platform/i8042/serio0/input/input3
May 31 22:45:30 vvaucoul kernel: [    0.879898] rtc_cmos 00:02: registered as rtc0
May 31 22:45:30 vvaucoul kernel: [    0.880129] rtc_cmos 00:02: alarms up to one day, 114 bytes nvram, hpet irqs
May 31 22:45:30 vvaucoul kernel: [    0.880423] fail to initialize ptp_kvm
May 31 22:45:30 vvaucoul kernel: [    0.880602] device-mapper: ioctl: 4.46.0-ioctl (2022-02-22) initialised: dm-devel@redhat.com
May 31 22:45:30 vvaucoul kernel: [    0.881059] intel_pstate: CPU model not supported
May 31 22:45:30 vvaucoul kernel: [    0.881316] hid: raw HID events driver (C) Jiri Kosina
May 31 22:45:30 vvaucoul kernel: [    0.881670] usbcore: registered new interface driver usbhid
May 31 22:45:30 vvaucoul kernel: [    0.881915] usbhid: USB HID core driver
May 31 22:45:30 vvaucoul kernel: [    0.883168] Initializing XFRM netlink socket
May 31 22:45:30 vvaucoul kernel: [    0.883456] NET: Registered PF_INET6 protocol family
May 31 22:45:30 vvaucoul kernel: [    0.884096] Segment Routing with IPv6
May 31 22:45:30 vvaucoul kernel: [    0.884289] In-situ OAM (IOAM) with IPv6
May 31 22:45:30 vvaucoul kernel: [    0.884471] sit: IPv6, IPv4 and MPLS over IPv4 tunneling driver
May 31 22:45:30 vvaucoul kernel: [    0.884753] NET: Registered PF_PACKET protocol family
May 31 22:45:30 vvaucoul kernel: [    0.885020] 9pnet: Installing 9P2000 support
May 31 22:45:30 vvaucoul kernel: [    0.885264] Key type dns_resolver registered
May 31 22:45:30 vvaucoul kernel: [    0.885923] IPI shorthand broadcast: enabled
May 31 22:45:30 vvaucoul kernel: [    0.886100] sched_clock: Marking stable (854783430, 31084623)->(905142285, -19274232)
May 31 22:45:30 vvaucoul kernel: [    0.886645] registered taskstats version 1
May 31 22:45:30 vvaucoul kernel: [    0.886812] Loading compiled-in X.509 certificates
May 31 22:45:30 vvaucoul kernel: [    0.887275] cryptomgr_test (73) used greatest stack depth: 15368 bytes left
May 31 22:45:30 vvaucoul kernel: [    0.890855] PM:   Magic number: 6:682:802
May 31 22:45:30 vvaucoul kernel: [    0.891101] usb usb2-port11: hash matches
May 31 22:45:30 vvaucoul kernel: [    0.891318] printk: console [netcon0] enabled
May 31 22:45:30 vvaucoul kernel: [    0.891488] netconsole: network logging started
May 31 22:45:30 vvaucoul kernel: [    0.891833] cfg80211: Loading compiled-in X.509 certificates for regulatory database
May 31 22:45:30 vvaucoul kernel: [    0.892323] kworker/u8:5 (95) used greatest stack depth: 14736 bytes left
May 31 22:45:30 vvaucoul kernel: [    0.893167] cfg80211: Loaded X.509 cert 'sforshee: 00b28ddf47aef9cea7'
May 31 22:45:30 vvaucoul kernel: [    0.893428] platform regulatory.0: Direct firmware load for regulatory.db failed with error -2
May 31 22:45:30 vvaucoul kernel: [    0.893730] cfg80211: failed to load regulatory.db
May 31 22:45:30 vvaucoul kernel: [    0.893917] ALSA device list:
May 31 22:45:30 vvaucoul kernel: [    0.894155]   No soundcards found.
May 31 22:45:30 vvaucoul kernel: [    1.083021] input: ImExPS/2 Generic Explorer Mouse as /devices/platform/i8042/serio1/input/input5
May 31 22:45:30 vvaucoul kernel: [    1.088220] ata2: SATA link up 3.0 Gbps (SStatus 123 SControl 300)
May 31 22:45:30 vvaucoul kernel: [    1.088634] ata2.00: ATA-6: VBOX HARDDISK, 1.0, max UDMA/133
May 31 22:45:30 vvaucoul kernel: [    1.088836] ata2.00: 67108864 sectors, multi 128: LBA48 NCQ (depth 32)
May 31 22:45:30 vvaucoul kernel: [    1.089439] ata2.00: configured for UDMA/133
May 31 22:45:30 vvaucoul kernel: [    1.089664] scsi 1:0:0:0: Direct-Access     ATA      VBOX HARDDISK    1.0  PQ: 0 ANSI: 5
May 31 22:45:30 vvaucoul kernel: [    1.090106] sd 1:0:0:0: [sdb] 67108864 512-byte logical blocks: (34.4 GB/32.0 GiB)
May 31 22:45:30 vvaucoul kernel: [    1.090386] sd 1:0:0:0: [sdb] Write Protect is off
May 31 22:45:30 vvaucoul kernel: [    1.090564] sd 1:0:0:0: [sdb] Mode Sense: 00 3a 00 00
May 31 22:45:30 vvaucoul kernel: [    1.090571] sd 1:0:0:0: Attached scsi generic sg1 type 0
May 31 22:45:30 vvaucoul kernel: [    1.090777] sd 1:0:0:0: [sdb] Write cache: enabled, read cache: enabled, doesn't support DPO or FUA
May 31 22:45:30 vvaucoul kernel: [    1.095571]  sdb: sdb1 sdb2 sdb3
May 31 22:45:30 vvaucoul kernel: [    1.095848] sd 1:0:0:0: [sdb] Attached SCSI disk
May 31 22:45:30 vvaucoul kernel: [    1.182708] usb 2-1: new full-speed USB device number 2 using ohci-pci
May 31 22:45:30 vvaucoul kernel: [    1.397245] ata3: SATA link down (SStatus 0 SControl 300)
May 31 22:45:30 vvaucoul kernel: [    1.397847] scsi 3:0:0:0: CD-ROM            VBOX     CD-ROM           1.0  PQ: 0 ANSI: 5
May 31 22:45:30 vvaucoul kernel: [    1.399011] sr 3:0:0:0: [sr0] scsi3-mmc drive: 32x/32x xa/form2 tray
May 31 22:45:30 vvaucoul kernel: [    1.399228] cdrom: Uniform CD-ROM driver Revision: 3.20
May 31 22:45:30 vvaucoul kernel: [    1.401557] sr 3:0:0:0: Attached scsi CD-ROM sr0
May 31 22:45:30 vvaucoul kernel: [    1.401676] sr 3:0:0:0: Attached scsi generic sg2 type 5
May 31 22:45:30 vvaucoul kernel: [    1.402098] md: Waiting for all devices to be available before autodetect
May 31 22:45:30 vvaucoul kernel: [    1.402323] md: If you don't use raid, use raid=noautodetect
May 31 22:45:30 vvaucoul kernel: [    1.402519] md: Autodetecting RAID arrays.
May 31 22:45:30 vvaucoul kernel: [    1.402680] md: autorun ...
May 31 22:45:30 vvaucoul kernel: [    1.402815] md: ... autorun DONE.
May 31 22:45:30 vvaucoul kernel: [    1.407452] EXT4-fs (sda4): mounted filesystem with ordered data mode. Quota mode: none.
May 31 22:45:30 vvaucoul kernel: [    1.407782] VFS: Mounted root (ext4 filesystem) readonly on device 8:4.
May 31 22:45:30 vvaucoul kernel: [    1.408264] devtmpfs: mounted
May 31 22:45:30 vvaucoul kernel: [    1.408710] Freeing unused kernel image (initmem) memory: 1276K
May 31 22:45:30 vvaucoul kernel: [    1.414717] Write protecting the kernel read-only data: 24576k
May 31 22:45:30 vvaucoul kernel: [    1.415638] Freeing unused kernel image (text/rodata gap) memory: 2032K
May 31 22:45:30 vvaucoul kernel: [    1.416306] Freeing unused kernel image (rodata/data gap) memory: 1060K
May 31 22:45:30 vvaucoul kernel: [    1.416618] Run /sbin/init as init process
May 31 22:45:30 vvaucoul kernel: [    1.416781]   with arguments:
May 31 22:45:30 vvaucoul kernel: [    1.416781]     /sbin/init
May 31 22:45:30 vvaucoul kernel: [    1.416782]   with environment:
May 31 22:45:30 vvaucoul kernel: [    1.416782]     HOME=/
May 31 22:45:30 vvaucoul kernel: [    1.416783]     TERM=linux
May 31 22:45:30 vvaucoul kernel: [    1.416783]     BOOT_IMAGE=/vmlinuz-5.18-little-penguin
May 31 22:45:30 vvaucoul kernel: [    1.439246] random: fast init done
May 31 22:45:30 vvaucoul kernel: [    1.449919] stty (105) used greatest stack depth: 13096 bytes left
May 31 22:45:30 vvaucoul kernel: [    1.450737] usb 2-1: New USB device found, idVendor=80ee, idProduct=0021, bcdDevice= 1.00
May 31 22:45:30 vvaucoul kernel: [    1.451085] usb 2-1: New USB device strings: Mfr=1, Product=3, SerialNumber=0
May 31 22:45:30 vvaucoul kernel: [    1.451441] usb 2-1: Product: USB Tablet
May 31 22:45:30 vvaucoul kernel: [    1.452490] usb 2-1: Manufacturer: VirtualBox
May 31 22:45:30 vvaucoul kernel: [    1.472257] input: VirtualBox USB Tablet as /devices/pci0000:00/0000:00:1f.4/usb2/2-1/2-1:1.0/0003:80EE:0021.0001/input/input6
May 31 22:45:30 vvaucoul kernel: [    1.473268] hid-generic 0003:80EE:0021.0001: input,hidraw0: USB HID v1.10 Mouse [VirtualBox USB Tablet] on usb-0000:00:1f.4-1/input0
May 31 22:45:30 vvaucoul kernel: [    1.522061] ip (157) used greatest stack depth: 12272 bytes left
May 31 22:45:30 vvaucoul kernel: <30>[    1.552831] udevd[182]: starting version 3.2.11
May 31 22:45:30 vvaucoul kernel: [    1.967684] random: crng init done
May 31 22:45:30 vvaucoul kernel: <30>[    1.977615] udevd[183]: starting eudev-3.2.11
May 31 22:45:30 vvaucoul kernel: [    2.002825] e1000 0000:00:03.0 enp0s3: renamed from eth0
May 31 22:45:30 vvaucoul kernel: [    2.184621] Adding 4194300k swap on /dev/sda3.  Priority:1 extents:1 across:4194300k 
May 31 22:45:30 vvaucoul kernel: [    2.195877] EXT4-fs (sda4): re-mounted. Quota mode: none.
May 31 22:45:30 vvaucoul kernel: [    2.226558] EXT4-fs (sda4): re-mounted. Quota mode: none.
May 31 22:45:30 vvaucoul kernel: [    2.237655] EXT4-fs (sda2): mounting ext2 file system using the ext4 subsystem
May 31 22:45:30 vvaucoul kernel: [    2.239201] EXT4-fs (sda2): warning: mounting unchecked fs, running e2fsck is recommended
May 31 22:45:30 vvaucoul kernel: [    2.240025] EXT4-fs (sda2): mounted filesystem without journal. Quota mode: none.
May 31 22:45:30 vvaucoul kernel: [    3.319239] e1000: enp0s3 NIC Link is Up 1000 Mbps Full Duplex, Flow Control: RX
May 31 22:45:30 vvaucoul kernel: [    3.319489] IPv6: ADDRCONF(NETDEV_CHANGE): enp0s3: link becomes ready