Jun  3 13:19:43 vvaucoul kernel: [    0.000000] Linux version 5.18.0-next-20220603 (root@vv) (gcc (GCC) 11.2.0, GNU ld (GNU Binutils) 2.38) #1 SMP PREEMPT_DYNAMIC Fri Jun 3 13:06:12 CEST 2022
Jun  3 13:19:43 vvaucoul kernel: [    0.000000] Command line: BOOT_IMAGE=/vmlinuz-linux-next-kernel root=/dev/sda4 ro
Jun  3 13:19:43 vvaucoul kernel: [    0.000000] x86/fpu: Supporting XSAVE feature 0x001: 'x87 floating point registers'
Jun  3 13:19:43 vvaucoul kernel: [    0.000000] x86/fpu: Supporting XSAVE feature 0x002: 'SSE registers'
Jun  3 13:19:43 vvaucoul kernel: [    0.000000] x86/fpu: Supporting XSAVE feature 0x004: 'AVX registers'
Jun  3 13:19:43 vvaucoul kernel: [    0.000000] x86/fpu: xstate_offset[2]:  576, xstate_sizes[2]:  256
Jun  3 13:19:43 vvaucoul kernel: [    0.000000] x86/fpu: Enabled xstate features 0x7, context size is 832 bytes, using 'standard' format.
Jun  3 13:19:43 vvaucoul kernel: [    0.000000] signal: max sigframe size: 1776
Jun  3 13:19:43 vvaucoul kernel: [    0.000000] BIOS-provided physical RAM map:
Jun  3 13:19:43 vvaucoul kernel: [    0.000000] BIOS-e820: [mem 0x0000000000000000-0x000000000009fbff] usable
Jun  3 13:19:43 vvaucoul kernel: [    0.000000] BIOS-e820: [mem 0x000000000009fc00-0x000000000009ffff] reserved
Jun  3 13:19:43 vvaucoul kernel: [    0.000000] BIOS-e820: [mem 0x00000000000f0000-0x00000000000fffff] reserved
Jun  3 13:19:43 vvaucoul kernel: [    0.000000] BIOS-e820: [mem 0x0000000000100000-0x00000000dbfeffff] usable
Jun  3 13:19:43 vvaucoul kernel: [    0.000000] BIOS-e820: [mem 0x00000000dbff0000-0x00000000dbffffff] ACPI data
Jun  3 13:19:43 vvaucoul kernel: [    0.000000] BIOS-e820: [mem 0x00000000fec00000-0x00000000fec00fff] reserved
Jun  3 13:19:43 vvaucoul kernel: [    0.000000] BIOS-e820: [mem 0x00000000fee00000-0x00000000fee00fff] reserved
Jun  3 13:19:43 vvaucoul kernel: [    0.000000] BIOS-e820: [mem 0x00000000fffc0000-0x00000000ffffffff] reserved
Jun  3 13:19:43 vvaucoul kernel: [    0.000000] BIOS-e820: [mem 0x0000000100000000-0x0000000223ffffff] usable
Jun  3 13:19:43 vvaucoul kernel: [    0.000000] NX (Execute Disable) protection: active
Jun  3 13:19:43 vvaucoul kernel: [    0.000000] SMBIOS 2.5 present.
Jun  3 13:19:43 vvaucoul kernel: [    0.000000] DMI: innotek GmbH VirtualBox/VirtualBox, BIOS VirtualBox 12/01/2006
Jun  3 13:19:43 vvaucoul kernel: [    0.000000] Hypervisor detected: KVM
Jun  3 13:19:43 vvaucoul kernel: [    0.000000] kvm-clock: Using msrs 4b564d01 and 4b564d00
Jun  3 13:19:43 vvaucoul kernel: [    0.000002] kvm-clock: using sched offset of 2809520353 cycles
Jun  3 13:19:43 vvaucoul kernel: [    0.000005] clocksource: kvm-clock: mask: 0xffffffffffffffff max_cycles: 0x1cd42e4dffb, max_idle_ns: 881590591483 ns
Jun  3 13:19:43 vvaucoul kernel: [    0.000008] tsc: Detected 2591.998 MHz processor
Jun  3 13:19:43 vvaucoul kernel: [    0.000507] e820: update [mem 0x00000000-0x00000fff] usable ==> reserved
Jun  3 13:19:43 vvaucoul kernel: [    0.000510] e820: remove [mem 0x000a0000-0x000fffff] usable
Jun  3 13:19:43 vvaucoul kernel: [    0.000513] last_pfn = 0x224000 max_arch_pfn = 0x400000000
Jun  3 13:19:43 vvaucoul kernel: [    0.000521] Disabled
Jun  3 13:19:43 vvaucoul kernel: [    0.000521] x86/PAT: MTRRs disabled, skipping PAT initialization too.
Jun  3 13:19:43 vvaucoul kernel: [    0.000523] CPU MTRRs all blank - virtualized system.
Jun  3 13:19:43 vvaucoul kernel: [    0.000525] x86/PAT: Configuration [0-7]: WB  WT  UC- UC  WB  WT  UC- UC  
Jun  3 13:19:43 vvaucoul kernel: [    0.000526] last_pfn = 0xdbff0 max_arch_pfn = 0x400000000
Jun  3 13:19:43 vvaucoul kernel: [    0.000569] found SMP MP-table at [mem 0x0009fff0-0x0009ffff]
Jun  3 13:19:43 vvaucoul kernel: [    0.003229] ACPI: Early table checksum verification disabled
Jun  3 13:19:43 vvaucoul kernel: [    0.003234] ACPI: RSDP 0x00000000000E0000 000024 (v02 VBOX  )
Jun  3 13:19:43 vvaucoul kernel: [    0.003237] ACPI: XSDT 0x00000000DBFF0040 00004C (v01 VBOX   VBOXXSDT 00000001 ASL  00000061)
Jun  3 13:19:43 vvaucoul kernel: [    0.003242] ACPI: FACP 0x00000000DBFF0110 0000F4 (v04 VBOX   VBOXFACP 00000001 ASL  00000061)
Jun  3 13:19:43 vvaucoul kernel: [    0.003246] ACPI: DSDT 0x00000000DBFF0540 002325 (v02 VBOX   VBOXBIOS 00000002 INTL 20100528)
Jun  3 13:19:43 vvaucoul kernel: [    0.003248] ACPI: FACS 0x00000000DBFF0240 000040
Jun  3 13:19:43 vvaucoul kernel: [    0.003250] ACPI: FACS 0x00000000DBFF0240 000040
Jun  3 13:19:43 vvaucoul kernel: [    0.003253] ACPI: APIC 0x00000000DBFF0280 00006C (v02 VBOX   VBOXAPIC 00000001 ASL  00000061)
Jun  3 13:19:43 vvaucoul kernel: [    0.003255] ACPI: HPET 0x00000000DBFF02F0 000038 (v01 VBOX   VBOXHPET 00000001 ASL  00000061)
Jun  3 13:19:43 vvaucoul kernel: [    0.003257] ACPI: MCFG 0x00000000DBFF0330 00003C (v01 VBOX   VBOXMCFG 00000001 ASL  00000061)
Jun  3 13:19:43 vvaucoul kernel: [    0.003259] ACPI: SSDT 0x00000000DBFF0370 0001CC (v01 VBOX   VBOXCPUT 00000002 INTL 20100528)
Jun  3 13:19:43 vvaucoul kernel: [    0.003261] ACPI: Reserving FACP table memory at [mem 0xdbff0110-0xdbff0203]
Jun  3 13:19:43 vvaucoul kernel: [    0.003262] ACPI: Reserving DSDT table memory at [mem 0xdbff0540-0xdbff2864]
Jun  3 13:19:43 vvaucoul kernel: [    0.003263] ACPI: Reserving FACS table memory at [mem 0xdbff0240-0xdbff027f]
Jun  3 13:19:43 vvaucoul kernel: [    0.003263] ACPI: Reserving FACS table memory at [mem 0xdbff0240-0xdbff027f]
Jun  3 13:19:43 vvaucoul kernel: [    0.003264] ACPI: Reserving APIC table memory at [mem 0xdbff0280-0xdbff02eb]
Jun  3 13:19:43 vvaucoul kernel: [    0.003264] ACPI: Reserving HPET table memory at [mem 0xdbff02f0-0xdbff0327]
Jun  3 13:19:43 vvaucoul kernel: [    0.003265] ACPI: Reserving MCFG table memory at [mem 0xdbff0330-0xdbff036b]
Jun  3 13:19:43 vvaucoul kernel: [    0.003265] ACPI: Reserving SSDT table memory at [mem 0xdbff0370-0xdbff053b]
Jun  3 13:19:43 vvaucoul kernel: [    0.003406] No NUMA configuration found
Jun  3 13:19:43 vvaucoul kernel: [    0.003407] Faking a node at [mem 0x0000000000000000-0x0000000223ffffff]
Jun  3 13:19:43 vvaucoul kernel: [    0.003410] NODE_DATA(0) allocated [mem 0x223ff8000-0x223ffbfff]
Jun  3 13:19:43 vvaucoul kernel: [    0.003421] Zone ranges:
Jun  3 13:19:43 vvaucoul kernel: [    0.003422]   DMA      [mem 0x0000000000001000-0x0000000000ffffff]
Jun  3 13:19:43 vvaucoul kernel: [    0.003423]   DMA32    [mem 0x0000000001000000-0x00000000ffffffff]
Jun  3 13:19:43 vvaucoul kernel: [    0.003424]   Normal   [mem 0x0000000100000000-0x0000000223ffffff]
Jun  3 13:19:43 vvaucoul kernel: [    0.003425] Movable zone start for each node
Jun  3 13:19:43 vvaucoul kernel: [    0.003425] Early memory node ranges
Jun  3 13:19:43 vvaucoul kernel: [    0.003426]   node   0: [mem 0x0000000000001000-0x000000000009efff]
Jun  3 13:19:43 vvaucoul kernel: [    0.003427]   node   0: [mem 0x0000000000100000-0x00000000dbfeffff]
Jun  3 13:19:43 vvaucoul kernel: [    0.003427]   node   0: [mem 0x0000000100000000-0x0000000223ffffff]
Jun  3 13:19:43 vvaucoul kernel: [    0.003429] Initmem setup node 0 [mem 0x0000000000001000-0x0000000223ffffff]
Jun  3 13:19:43 vvaucoul kernel: [    0.005829] On node 0, zone DMA: 1 pages in unavailable ranges
Jun  3 13:19:43 vvaucoul kernel: [    0.005847] On node 0, zone DMA: 97 pages in unavailable ranges
Jun  3 13:19:43 vvaucoul kernel: [    0.175094] On node 0, zone Normal: 16400 pages in unavailable ranges
Jun  3 13:19:43 vvaucoul kernel: [    0.175218] On node 0, zone Normal: 16384 pages in unavailable ranges
Jun  3 13:19:43 vvaucoul kernel: [    0.175444] ACPI: PM-Timer IO Port: 0x4008
Jun  3 13:19:43 vvaucoul kernel: [    0.175491] IOAPIC[0]: apic_id 4, version 32, address 0xfec00000, GSI 0-23
Jun  3 13:19:43 vvaucoul kernel: [    0.175494] ACPI: INT_SRC_OVR (bus 0 bus_irq 0 global_irq 2 dfl dfl)
Jun  3 13:19:43 vvaucoul kernel: [    0.175495] ACPI: INT_SRC_OVR (bus 0 bus_irq 9 global_irq 9 low level)
Jun  3 13:19:43 vvaucoul kernel: [    0.175499] ACPI: Using ACPI (MADT) for SMP configuration information
Jun  3 13:19:43 vvaucoul kernel: [    0.175500] ACPI: HPET id: 0x8086a201 base: 0xfed00000
Jun  3 13:19:43 vvaucoul kernel: [    0.175508] smpboot: Allowing 4 CPUs, 0 hotplug CPUs
Jun  3 13:19:43 vvaucoul kernel: [    0.175523] PM: hibernation: Registered nosave memory: [mem 0x00000000-0x00000fff]
Jun  3 13:19:43 vvaucoul kernel: [    0.175524] PM: hibernation: Registered nosave memory: [mem 0x0009f000-0x0009ffff]
Jun  3 13:19:43 vvaucoul kernel: [    0.175525] PM: hibernation: Registered nosave memory: [mem 0x000a0000-0x000effff]
Jun  3 13:19:43 vvaucoul kernel: [    0.175526] PM: hibernation: Registered nosave memory: [mem 0x000f0000-0x000fffff]
Jun  3 13:19:43 vvaucoul kernel: [    0.175526] PM: hibernation: Registered nosave memory: [mem 0xdbff0000-0xdbffffff]
Jun  3 13:19:43 vvaucoul kernel: [    0.175527] PM: hibernation: Registered nosave memory: [mem 0xdc000000-0xfebfffff]
Jun  3 13:19:43 vvaucoul kernel: [    0.175527] PM: hibernation: Registered nosave memory: [mem 0xfec00000-0xfec00fff]
Jun  3 13:19:43 vvaucoul kernel: [    0.175528] PM: hibernation: Registered nosave memory: [mem 0xfec01000-0xfedfffff]
Jun  3 13:19:43 vvaucoul kernel: [    0.175528] PM: hibernation: Registered nosave memory: [mem 0xfee00000-0xfee00fff]
Jun  3 13:19:43 vvaucoul kernel: [    0.175529] PM: hibernation: Registered nosave memory: [mem 0xfee01000-0xfffbffff]
Jun  3 13:19:43 vvaucoul kernel: [    0.175529] PM: hibernation: Registered nosave memory: [mem 0xfffc0000-0xffffffff]
Jun  3 13:19:43 vvaucoul kernel: [    0.175530] [mem 0xdc000000-0xfebfffff] available for PCI devices
Jun  3 13:19:43 vvaucoul kernel: [    0.175531] Booting paravirtualized kernel on KVM
Jun  3 13:19:43 vvaucoul kernel: [    0.175532] clocksource: refined-jiffies: mask: 0xffffffff max_cycles: 0xffffffff, max_idle_ns: 1910969940391419 ns
Jun  3 13:19:43 vvaucoul kernel: [    0.179745] setup_percpu: NR_CPUS:64 nr_cpumask_bits:64 nr_cpu_ids:4 nr_node_ids:1
Jun  3 13:19:43 vvaucoul kernel: [    0.182211] percpu: Embedded 52 pages/cpu s176040 r8192 d28760 u524288
Jun  3 13:19:43 vvaucoul kernel: [    0.182217] pcpu-alloc: s176040 r8192 d28760 u524288 alloc=1*2097152
Jun  3 13:19:43 vvaucoul kernel: [    0.182220] pcpu-alloc: [0] 0 1 2 3 
Jun  3 13:19:43 vvaucoul kernel: [    0.182260] Fallback order for Node 0: 0 
Jun  3 13:19:43 vvaucoul kernel: [    0.182265] Built 1 zonelists, mobility grouping on.  Total pages: 2064112
Jun  3 13:19:43 vvaucoul kernel: [    0.182266] Policy zone: Normal
Jun  3 13:19:43 vvaucoul kernel: [    0.182268] Kernel command line: BOOT_IMAGE=/vmlinuz-linux-next-kernel root=/dev/sda4 ro
Jun  3 13:19:43 vvaucoul kernel: [    0.182306] Unknown kernel command line parameters "BOOT_IMAGE=/vmlinuz-linux-next-kernel", will be passed to user space.
Jun  3 13:19:43 vvaucoul kernel: [    0.193015] Dentry cache hash table entries: 1048576 (order: 11, 8388608 bytes, linear)
Jun  3 13:19:43 vvaucoul kernel: [    0.198258] Inode-cache hash table entries: 524288 (order: 10, 4194304 bytes, linear)
Jun  3 13:19:43 vvaucoul kernel: [    0.198324] mem auto-init: stack:off, heap alloc:off, heap free:off
Jun  3 13:19:43 vvaucoul kernel: [    0.290086] Memory: 8139748K/8388152K available (16396K kernel code, 2660K rwdata, 5176K rodata, 1276K init, 1184K bss, 248144K reserved, 0K cma-reserved)
Jun  3 13:19:43 vvaucoul kernel: [    0.290111] SLUB: HWalign=64, Order=0-3, MinObjects=0, CPUs=4, Nodes=1
Jun  3 13:19:43 vvaucoul kernel: [    0.290117] Kernel/User page tables isolation: enabled
Jun  3 13:19:43 vvaucoul kernel: [    0.290888] Dynamic Preempt: voluntary
Jun  3 13:19:43 vvaucoul kernel: [    0.293362] rcu: Preemptible hierarchical RCU implementation.
Jun  3 13:19:43 vvaucoul kernel: [    0.293364] rcu: ^IRCU event tracing is enabled.
Jun  3 13:19:43 vvaucoul kernel: [    0.293364] rcu: ^IRCU restricting CPUs from NR_CPUS=64 to nr_cpu_ids=4.
Jun  3 13:19:43 vvaucoul kernel: [    0.293366] ^ITrampoline variant of Tasks RCU enabled.
Jun  3 13:19:43 vvaucoul kernel: [    0.293367] rcu: RCU calculated value of scheduler-enlistment delay is 100 jiffies.
Jun  3 13:19:43 vvaucoul kernel: [    0.293368] rcu: Adjusting geometry for rcu_fanout_leaf=16, nr_cpu_ids=4
Jun  3 13:19:43 vvaucoul kernel: [    0.294320] NR_IRQS: 4352, nr_irqs: 456, preallocated irqs: 16
Jun  3 13:19:43 vvaucoul kernel: [    0.294475] rcu: srcu_init: Setting srcu_struct sizes based on contention.
Jun  3 13:19:43 vvaucoul kernel: [    0.299443] Console: colour VGA+ 80x25
Jun  3 13:19:43 vvaucoul kernel: [    0.326603] printk: console [tty0] enabled
Jun  3 13:19:43 vvaucoul kernel: [    0.326823] ACPI: Core revision 20220331
Jun  3 13:19:43 vvaucoul kernel: [    0.327056] clocksource: hpet: mask: 0xffffffff max_cycles: 0xffffffff, max_idle_ns: 133484882848 ns
Jun  3 13:19:43 vvaucoul kernel: [    0.327421] APIC: Switch to symmetric I/O mode setup
Jun  3 13:19:43 vvaucoul kernel: [    0.328521] ..TIMER: vector=0x30 apic1=0 pin1=2 apic2=-1 pin2=-1
Jun  3 13:19:43 vvaucoul kernel: [    0.328840] clocksource: tsc-early: mask: 0xffffffffffffffff max_cycles: 0x255cb518234, max_idle_ns: 440795279333 ns
Jun  3 13:19:43 vvaucoul kernel: [    0.329232] Calibrating delay loop (skipped) preset value.. 5183.99 BogoMIPS (lpj=2591998)
Jun  3 13:19:43 vvaucoul kernel: [    0.329518] pid_max: default: 32768 minimum: 301
Jun  3 13:19:43 vvaucoul kernel: [    0.329700] LSM: Security Framework initializing
Jun  3 13:19:43 vvaucoul kernel: [    0.329875] SELinux:  Initializing.
Jun  3 13:19:43 vvaucoul kernel: [    0.330048] Mount-cache hash table entries: 16384 (order: 5, 131072 bytes, linear)
Jun  3 13:19:43 vvaucoul kernel: [    0.330240] Mountpoint-cache hash table entries: 16384 (order: 5, 131072 bytes, linear)
Jun  3 13:19:43 vvaucoul kernel: [    0.330753] Last level iTLB entries: 4KB 64, 2MB 8, 4MB 8
Jun  3 13:19:43 vvaucoul kernel: [    0.330942] Last level dTLB entries: 4KB 64, 2MB 0, 4MB 0, 1GB 4
Jun  3 13:19:43 vvaucoul kernel: [    0.331144] Spectre V1 : Mitigation: usercopy/swapgs barriers and __user pointer sanitization
Jun  3 13:19:43 vvaucoul kernel: [    0.331229] Spectre V2 : Mitigation: Retpolines
Jun  3 13:19:43 vvaucoul kernel: [    0.331231] Spectre V2 : Spectre v2 / SpectreRSB mitigation: Filling RSB on context switch
Jun  3 13:19:43 vvaucoul kernel: [    0.331667] Speculative Store Bypass: Vulnerable
Jun  3 13:19:43 vvaucoul kernel: [    0.331919] SRBDS: Unknown: Dependent on hypervisor status
Jun  3 13:19:43 vvaucoul kernel: [    0.332112] MDS: Mitigation: Clear CPU buffers
Jun  3 13:19:43 vvaucoul kernel: [    0.334120] Freeing SMP alternatives memory: 44K
Jun  3 13:19:43 vvaucoul kernel: [    0.436261] smpboot: CPU0: Intel(R) Core(TM) i7-9750H CPU @ 2.60GHz (family: 0x6, model: 0x9e, stepping: 0xa)
Jun  3 13:19:43 vvaucoul kernel: [    0.437003] cblist_init_generic: Setting adjustable number of callback queues.
Jun  3 13:19:43 vvaucoul kernel: [    0.437231] cblist_init_generic: Setting shift to 2 and lim to 1.
Jun  3 13:19:43 vvaucoul kernel: [    0.437512] Performance Events: unsupported p6 CPU model 158 no PMU driver, software events only.
Jun  3 13:19:43 vvaucoul kernel: [    0.438263] rcu: Hierarchical SRCU implementation.
Jun  3 13:19:43 vvaucoul kernel: [    0.438274] printk: console [tty0] printing thread started
Jun  3 13:19:43 vvaucoul kernel: [    0.439747] smp: Bringing up secondary CPUs ...
Jun  3 13:19:43 vvaucoul kernel: [    0.439800] x86: Booting SMP configuration:
Jun  3 13:19:43 vvaucoul kernel: [    0.439800] .... node  #0, CPUs:      #1 #2 #3
Jun  3 13:19:43 vvaucoul kernel: [    0.444448] smp: Brought up 1 node, 4 CPUs
Jun  3 13:19:43 vvaucoul kernel: [    0.444450] smpboot: Max logical packages: 1
Jun  3 13:19:43 vvaucoul kernel: [    0.444450] smpboot: Total of 4 processors activated (20735.98 BogoMIPS)
Jun  3 13:19:43 vvaucoul kernel: [    0.446239] devtmpfs: initialized
Jun  3 13:19:43 vvaucoul kernel: [    0.446376] clocksource: jiffies: mask: 0xffffffff max_cycles: 0xffffffff, max_idle_ns: 1911260446275000 ns
Jun  3 13:19:43 vvaucoul kernel: [    0.446380] futex hash table entries: 1024 (order: 4, 65536 bytes, linear)
Jun  3 13:19:43 vvaucoul kernel: [    0.449231] PM: RTC time: 11:19:29, date: 2022-06-03
Jun  3 13:19:43 vvaucoul kernel: [    0.450324] NET: Registered PF_NETLINK/PF_ROUTE protocol family
Jun  3 13:19:43 vvaucoul kernel: [    0.450376] audit: initializing netlink subsys (disabled)
Jun  3 13:19:43 vvaucoul kernel: [    0.451758] audit: type=2000 audit(1654255174.263:1): state=initialized audit_enabled=0 res=1
Jun  3 13:19:43 vvaucoul kernel: [    0.451816] thermal_sys: Registered thermal governor 'step_wise'
Jun  3 13:19:43 vvaucoul kernel: [    0.451817] thermal_sys: Registered thermal governor 'user_space'
Jun  3 13:19:43 vvaucoul kernel: [    0.452343] cpuidle: using governor menu
Jun  3 13:19:43 vvaucoul kernel: [    0.452343] PCI: MMCONFIG for domain 0000 [bus 00-3f] at [mem 0xdc000000-0xdfffffff] (base 0xdc000000)
Jun  3 13:19:43 vvaucoul kernel: [    0.452343] PCI: not using MMCONFIG
Jun  3 13:19:43 vvaucoul kernel: [    0.452343] PCI: Using configuration type 1 for base access
Jun  3 13:19:43 vvaucoul kernel: [    0.454262] kprobes: kprobe jump-optimization is enabled. All kprobes are optimized if possible.
Jun  3 13:19:43 vvaucoul kernel: [    0.526299] HugeTLB: can optimize 7 vmemmap pages for hugepages-2048kB
Jun  3 13:19:43 vvaucoul kernel: [    0.526299] HugeTLB registered 2.00 MiB page size, pre-allocated 0 pages
Jun  3 13:19:43 vvaucoul kernel: [    0.526301] ACPI: Added _OSI(Module Device)
Jun  3 13:19:43 vvaucoul kernel: [    0.526301] ACPI: Added _OSI(Processor Device)
Jun  3 13:19:43 vvaucoul kernel: [    0.526301] ACPI: Added _OSI(3.0 _SCP Extensions)
Jun  3 13:19:43 vvaucoul kernel: [    0.526301] ACPI: Added _OSI(Processor Aggregator Device)
Jun  3 13:19:43 vvaucoul kernel: [    0.526301] ACPI: Added _OSI(Linux-Dell-Video)
Jun  3 13:19:43 vvaucoul kernel: [    0.526301] ACPI: Added _OSI(Linux-Lenovo-NV-HDMI-Audio)
Jun  3 13:19:43 vvaucoul kernel: [    0.526301] ACPI: Added _OSI(Linux-HPI-Hybrid-Graphics)
Jun  3 13:19:43 vvaucoul kernel: [    0.527813] ACPI: 2 ACPI AML tables successfully acquired and loaded
Jun  3 13:19:43 vvaucoul kernel: [    0.530771] ACPI: Interpreter enabled
Jun  3 13:19:43 vvaucoul kernel: [    0.530771] ACPI: PM: (supports S0 S5)
Jun  3 13:19:43 vvaucoul kernel: [    0.530771] ACPI: Using IOAPIC for interrupt routing
Jun  3 13:19:43 vvaucoul kernel: [    0.530771] PCI: MMCONFIG for domain 0000 [bus 00-3f] at [mem 0xdc000000-0xdfffffff] (base 0xdc000000)
Jun  3 13:19:43 vvaucoul kernel: [    0.530771] PCI: MMCONFIG at [mem 0xdc000000-0xdfffffff] reserved in ACPI motherboard resources
Jun  3 13:19:43 vvaucoul kernel: [    0.530771] PCI: Using host bridge windows from ACPI; if necessary, use "pci=nocrs" and report a bug
Jun  3 13:19:43 vvaucoul kernel: [    0.530771] PCI: Using E820 reservations for host bridge windows
Jun  3 13:19:43 vvaucoul kernel: [    0.530771] ACPI: Enabled 2 GPEs in block 00 to 07
Jun  3 13:19:43 vvaucoul kernel: [    0.534252] ACPI: PCI Root Bridge [PCI0] (domain 0000 [bus 00-ff])
Jun  3 13:19:43 vvaucoul kernel: [    0.534256] acpi PNP0A03:00: _OSC: OS supports [ExtendedConfig ASPM ClockPM Segments MSI HPX-Type3]
Jun  3 13:19:43 vvaucoul kernel: [    0.534445] acpi PNP0A03:00: _OSC: platform does not support [PCIeCapability LTR]
Jun  3 13:19:43 vvaucoul kernel: [    0.534624] acpi PNP0A03:00: _OSC: not requesting control; platform does not support [PCIeCapability]
Jun  3 13:19:43 vvaucoul kernel: [    0.534625] acpi PNP0A03:00: _OSC: OS requested [PME PCIeCapability LTR]
Jun  3 13:19:43 vvaucoul kernel: [    0.534626] acpi PNP0A03:00: _OSC: platform willing to grant [PME]
Jun  3 13:19:43 vvaucoul kernel: [    0.534627] acpi PNP0A03:00: _OSC: platform retains control of PCIe features (AE_SUPPORT)
Jun  3 13:19:43 vvaucoul kernel: [    0.534631] acpi PNP0A03:00: [Firmware Info]: MMCONFIG for domain 0000 [bus 00-3f] only partially covers this bridge
Jun  3 13:19:43 vvaucoul kernel: [    0.534750] PCI host bridge to bus 0000:00
Jun  3 13:19:43 vvaucoul kernel: [    0.534751] pci_bus 0000:00: root bus resource [io  0x0000-0x0cf7 window]
Jun  3 13:19:43 vvaucoul kernel: [    0.534753] pci_bus 0000:00: root bus resource [io  0x0d00-0xffff window]
Jun  3 13:19:43 vvaucoul kernel: [    0.534754] pci_bus 0000:00: root bus resource [mem 0x000a0000-0x000bffff window]
Jun  3 13:19:43 vvaucoul kernel: [    0.534755] pci_bus 0000:00: root bus resource [mem 0xdc000000-0xfdffffff window]
Jun  3 13:19:43 vvaucoul kernel: [    0.534755] pci_bus 0000:00: root bus resource [mem 0x224000000-0xfffffffff pref window]
Jun  3 13:19:43 vvaucoul kernel: [    0.534784] pci_bus 0000:00: root bus resource [bus 00-ff]
Jun  3 13:19:43 vvaucoul kernel: [    0.534833] pci 0000:00:02.0: [15ad:0405] type 00 class 0x030000
Jun  3 13:19:43 vvaucoul kernel: [    0.538247] pci 0000:00:02.0: reg 0x10: [io  0xd000-0xd00f]
Jun  3 13:19:43 vvaucoul kernel: [    0.543236] pci 0000:00:02.0: reg 0x14: [mem 0xe0000000-0xe7ffffff pref]
Jun  3 13:19:43 vvaucoul kernel: [    0.546294] pci 0000:00:02.0: reg 0x18: [mem 0xe8000000-0xe81fffff]
Jun  3 13:19:43 vvaucoul kernel: [    0.575230] pci 0000:00:02.0: Video device with shadowed ROM at [mem 0x000c0000-0x000dffff]
Jun  3 13:19:43 vvaucoul kernel: [    0.577268] pci 0000:00:03.0: [8086:100e] type 00 class 0x020000
Jun  3 13:19:43 vvaucoul kernel: [    0.578477] pci 0000:00:03.0: reg 0x10: [mem 0xe8200000-0xe821ffff]
Jun  3 13:19:43 vvaucoul kernel: [    0.586293] pci 0000:00:03.0: reg 0x18: [io  0xd010-0xd017]
Jun  3 13:19:43 vvaucoul kernel: [    0.598615] pci 0000:00:04.0: [80ee:cafe] type 00 class 0x088000
Jun  3 13:19:43 vvaucoul kernel: [    0.599299] pci 0000:00:04.0: reg 0x10: [io  0xd020-0xd03f]
Jun  3 13:19:43 vvaucoul kernel: [    0.604242] pci 0000:00:04.0: reg 0x14: [mem 0xe8400000-0xe87fffff]
Jun  3 13:19:43 vvaucoul kernel: [    0.607249] pci 0000:00:04.0: reg 0x18: [mem 0xe8800000-0xe8803fff pref]
Jun  3 13:19:43 vvaucoul kernel: [    0.623346] pci 0000:00:07.0: [8086:7113] type 00 class 0x068000
Jun  3 13:19:43 vvaucoul kernel: [    0.624261] pci 0000:00:07.0: quirk: [io  0x4000-0x403f] claimed by PIIX4 ACPI
Jun  3 13:19:43 vvaucoul kernel: [    0.624273] pci 0000:00:07.0: quirk: [io  0x4100-0x410f] claimed by PIIX4 SMB
Jun  3 13:19:43 vvaucoul kernel: [    0.624567] pci 0000:00:1f.0: [8086:27b9] type 00 class 0x060100
Jun  3 13:19:43 vvaucoul kernel: [    0.625074] pci 0000:00:1f.0: quirk: [io  0x8000-0x807f] claimed by ICH6 ACPI/GPIO/TCO
Jun  3 13:19:43 vvaucoul kernel: [    0.625644] pci 0000:00:1f.1: [8086:7111] type 00 class 0x01018a
Jun  3 13:19:43 vvaucoul kernel: [    0.625962] pci 0000:00:1f.1: reg 0x20: [io  0xd040-0xd04f]
Jun  3 13:19:43 vvaucoul kernel: [    0.626094] pci 0000:00:1f.1: legacy IDE quirk: reg 0x10: [io  0x01f0-0x01f7]
Jun  3 13:19:43 vvaucoul kernel: [    0.626095] pci 0000:00:1f.1: legacy IDE quirk: reg 0x14: [io  0x03f6]
Jun  3 13:19:43 vvaucoul kernel: [    0.626096] pci 0000:00:1f.1: legacy IDE quirk: reg 0x18: [io  0x0170-0x0177]
Jun  3 13:19:43 vvaucoul kernel: [    0.626096] pci 0000:00:1f.1: legacy IDE quirk: reg 0x1c: [io  0x0376]
Jun  3 13:19:43 vvaucoul kernel: [    0.626339] pci 0000:00:1f.2: [8086:2829] type 00 class 0x010601
Jun  3 13:19:43 vvaucoul kernel: [    0.627255] pci 0000:00:1f.2: reg 0x10: [io  0xd050-0xd057]
Jun  3 13:19:43 vvaucoul kernel: [    0.629289] pci 0000:00:1f.2: reg 0x14: [io  0xd058-0xd05b]
Jun  3 13:19:43 vvaucoul kernel: [    0.632260] pci 0000:00:1f.2: reg 0x18: [io  0xd060-0xd067]
Jun  3 13:19:43 vvaucoul kernel: [    0.636231] pci 0000:00:1f.2: reg 0x1c: [io  0xd068-0xd06b]
Jun  3 13:19:43 vvaucoul kernel: [    0.639297] pci 0000:00:1f.2: reg 0x20: [io  0xd070-0xd07f]
Jun  3 13:19:43 vvaucoul kernel: [    0.641249] pci 0000:00:1f.2: reg 0x24: [mem 0xe8804000-0xe8805fff]
Jun  3 13:19:43 vvaucoul kernel: [    0.646624] pci 0000:00:1f.4: [106b:003f] type 00 class 0x0c0310
Jun  3 13:19:43 vvaucoul kernel: [    0.650232] pci 0000:00:1f.4: reg 0x10: [mem 0xe8806000-0xe8806fff]
Jun  3 13:19:43 vvaucoul kernel: [    0.671823] pci 0000:00:1f.5: [8086:265c] type 00 class 0x0c0320
Jun  3 13:19:43 vvaucoul kernel: [    0.672272] pci 0000:00:1f.5: reg 0x10: [mem 0xe8807000-0xe8807fff]
Jun  3 13:19:43 vvaucoul kernel: [    0.694816] ACPI: PCI: Interrupt link LNKA configured for IRQ 11
Jun  3 13:19:43 vvaucoul kernel: [    0.694954] ACPI: PCI: Interrupt link LNKB configured for IRQ 9
Jun  3 13:19:43 vvaucoul kernel: [    0.695016] ACPI: PCI: Interrupt link LNKC configured for IRQ 11
Jun  3 13:19:43 vvaucoul kernel: [    0.695074] ACPI: PCI: Interrupt link LNKD configured for IRQ 9
Jun  3 13:19:43 vvaucoul kernel: [    0.695203] iommu: Default domain type: Translated 
Jun  3 13:19:43 vvaucoul kernel: [    0.695206] iommu: DMA domain TLB invalidation policy: lazy mode 
Jun  3 13:19:43 vvaucoul kernel: [    0.695229] SCSI subsystem initialized
Jun  3 13:19:43 vvaucoul kernel: [    0.695265] libata version 3.00 loaded.
Jun  3 13:19:43 vvaucoul kernel: [    0.695294] ACPI: bus type USB registered
Jun  3 13:19:43 vvaucoul kernel: [    0.695318] usbcore: registered new interface driver usbfs
Jun  3 13:19:43 vvaucoul kernel: [    0.695323] usbcore: registered new interface driver hub
Jun  3 13:19:43 vvaucoul kernel: [    0.695327] usbcore: registered new device driver usb
Jun  3 13:19:43 vvaucoul kernel: [    0.695335] pps_core: LinuxPPS API ver. 1 registered
Jun  3 13:19:43 vvaucoul kernel: [    0.695336] pps_core: Software ver. 5.3.6 - Copyright 2005-2007 Rodolfo Giometti <giometti@linux.it>
Jun  3 13:19:43 vvaucoul kernel: [    0.695338] PTP clock support registered
Jun  3 13:19:43 vvaucoul kernel: [    0.695383] Advanced Linux Sound Architecture Driver Initialized.
Jun  3 13:19:43 vvaucoul kernel: [    0.695401] NetLabel: Initializing
Jun  3 13:19:43 vvaucoul kernel: [    0.695402] NetLabel:  domain hash size = 128
Jun  3 13:19:43 vvaucoul kernel: [    0.695403] NetLabel:  protocols = UNLABELED CIPSOv4 CALIPSO
Jun  3 13:19:43 vvaucoul kernel: [    0.695417] NetLabel:  unlabeled traffic allowed by default
Jun  3 13:19:43 vvaucoul kernel: [    0.696246] PCI: Using ACPI for IRQ routing
Jun  3 13:19:43 vvaucoul kernel: [    0.702849] PCI: pci_cache_line_size set to 64 bytes
Jun  3 13:19:43 vvaucoul kernel: [    0.702849] e820: reserve RAM buffer [mem 0x0009fc00-0x0009ffff]
Jun  3 13:19:43 vvaucoul kernel: [    0.702849] e820: reserve RAM buffer [mem 0xdbff0000-0xdbffffff]
Jun  3 13:19:43 vvaucoul kernel: [    0.704260] pci 0000:00:02.0: vgaarb: setting as boot VGA device
Jun  3 13:19:43 vvaucoul kernel: [    0.704262] pci 0000:00:02.0: vgaarb: bridge control possible
Jun  3 13:19:43 vvaucoul kernel: [    0.704262] pci 0000:00:02.0: vgaarb: VGA device added: decodes=io+mem,owns=io+mem,locks=none
Jun  3 13:19:43 vvaucoul kernel: [    0.704265] vgaarb: loaded
Jun  3 13:19:43 vvaucoul kernel: [    0.704296] hpet: 4 channels of 0 reserved for per-cpu timers
Jun  3 13:19:43 vvaucoul kernel: [    0.704306] hpet0: at MMIO 0xfed00000, IRQs 2, 8, 0, 0
Jun  3 13:19:43 vvaucoul kernel: [    0.704310] hpet0: 4 comparators, 64-bit 14.318180 MHz counter
Jun  3 13:19:43 vvaucoul kernel: [    0.706515] clocksource: Switched to clocksource kvm-clock
Jun  3 13:19:43 vvaucoul kernel: [    0.706609] VFS: Disk quotas dquot_6.6.0
Jun  3 13:19:43 vvaucoul kernel: [    0.706617] VFS: Dquot-cache hash table entries: 512 (order 0, 4096 bytes)
Jun  3 13:19:43 vvaucoul kernel: [    0.706660] pnp: PnP ACPI init
Jun  3 13:19:43 vvaucoul kernel: [    0.706830] system 00:03: [mem 0xfed00000-0xfed003ff] has been reserved
Jun  3 13:19:43 vvaucoul kernel: [    0.706956] system 00:04: [mem 0xdc000000-0xdfffffff] has been reserved
Jun  3 13:19:43 vvaucoul kernel: [    0.707115] pnp: PnP ACPI: found 5 devices
Jun  3 13:19:43 vvaucoul kernel: [    0.738239] clocksource: acpi_pm: mask: 0xffffff max_cycles: 0xffffff, max_idle_ns: 2085701024 ns
Jun  3 13:19:43 vvaucoul kernel: [    0.738249] NET: Registered PF_INET protocol family
Jun  3 13:19:43 vvaucoul kernel: [    0.738249] IP idents hash table entries: 131072 (order: 8, 1048576 bytes, linear)
Jun  3 13:19:43 vvaucoul kernel: [    0.739400] tcp_listen_portaddr_hash hash table entries: 4096 (order: 4, 65536 bytes, linear)
Jun  3 13:19:43 vvaucoul kernel: [    0.739412] TCP established hash table entries: 65536 (order: 7, 524288 bytes, linear)
Jun  3 13:19:43 vvaucoul kernel: [    0.742305] TCP bind bhash tables hash table entries: 65536 (order: 8, 1572864 bytes, linear)
Jun  3 13:19:43 vvaucoul kernel: [    0.743241] TCP: Hash tables configured (established 65536 bind 65536)
Jun  3 13:19:43 vvaucoul kernel: [    0.745137] UDP hash table entries: 4096 (order: 5, 131072 bytes, linear)
Jun  3 13:19:43 vvaucoul kernel: [    0.745155] UDP-Lite hash table entries: 4096 (order: 5, 131072 bytes, linear)
Jun  3 13:19:43 vvaucoul kernel: [    0.745208] NET: Registered PF_UNIX/PF_LOCAL protocol family
Jun  3 13:19:43 vvaucoul kernel: [    0.745804] RPC: Registered named UNIX socket transport module.
Jun  3 13:19:43 vvaucoul kernel: [    0.745805] RPC: Registered udp transport module.
Jun  3 13:19:43 vvaucoul kernel: [    0.745806] RPC: Registered tcp transport module.
Jun  3 13:19:43 vvaucoul kernel: [    0.745806] RPC: Registered tcp NFSv4.1 backchannel transport module.
Jun  3 13:19:43 vvaucoul kernel: [    0.746107] pci_bus 0000:00: resource 4 [io  0x0000-0x0cf7 window]
Jun  3 13:19:43 vvaucoul kernel: [    0.746110] pci_bus 0000:00: resource 5 [io  0x0d00-0xffff window]
Jun  3 13:19:43 vvaucoul kernel: [    0.746111] pci_bus 0000:00: resource 6 [mem 0x000a0000-0x000bffff window]
Jun  3 13:19:43 vvaucoul kernel: [    0.746112] pci_bus 0000:00: resource 7 [mem 0xdc000000-0xfdffffff window]
Jun  3 13:19:43 vvaucoul kernel: [    0.746113] pci_bus 0000:00: resource 8 [mem 0x224000000-0xfffffffff pref window]
Jun  3 13:19:43 vvaucoul kernel: [    0.747878] PCI: CLS 0 bytes, default 64
Jun  3 13:19:43 vvaucoul kernel: [    0.747895] PCI-DMA: Using software bounce buffering for IO (SWIOTLB)
Jun  3 13:19:43 vvaucoul kernel: [    0.747896] software IO TLB: mapped [mem 0x00000000d7ff0000-0x00000000dbff0000] (64MB)
Jun  3 13:19:43 vvaucoul kernel: [    0.748354] RAPL PMU: API unit is 2^-32 Joules, 0 fixed counters, 10737418240 ms ovfl timer
Jun  3 13:19:43 vvaucoul kernel: [    0.748362] clocksource: tsc: mask: 0xffffffffffffffff max_cycles: 0x255cb518234, max_idle_ns: 440795279333 ns
Jun  3 13:19:43 vvaucoul kernel: [    0.748498] clocksource: Switched to clocksource tsc
Jun  3 13:19:43 vvaucoul kernel: [    0.750794] Initialise system trusted keyrings
Jun  3 13:19:43 vvaucoul kernel: [    0.750965] workingset: timestamp_bits=56 max_order=21 bucket_order=0
Jun  3 13:19:43 vvaucoul kernel: [    0.752018] NFS: Registering the id_resolver key type
Jun  3 13:19:43 vvaucoul kernel: [    0.752027] Key type id_resolver registered
Jun  3 13:19:43 vvaucoul kernel: [    0.752027] Key type id_legacy registered
Jun  3 13:19:43 vvaucoul kernel: [    0.752191] 9p: Installing v9fs 9p2000 file system support
Jun  3 13:19:43 vvaucoul kernel: [    0.759304] Key type asymmetric registered
Jun  3 13:19:43 vvaucoul kernel: [    0.759304] Asymmetric key parser 'x509' registered
Jun  3 13:19:43 vvaucoul kernel: [    0.759902] Block layer SCSI generic (bsg) driver version 0.4 loaded (major 251)
Jun  3 13:19:43 vvaucoul kernel: [    0.759909] io scheduler mq-deadline registered
Jun  3 13:19:43 vvaucoul kernel: [    0.759910] io scheduler kyber registered
Jun  3 13:19:43 vvaucoul kernel: [    0.763479] ACPI: AC: AC Adapter [AC] (on-line)
Jun  3 13:19:43 vvaucoul kernel: [    0.763516] input: Power Button as /devices/LNXSYSTM:00/LNXPWRBN:00/input/input0
Jun  3 13:19:43 vvaucoul kernel: [    0.763700] ACPI: button: Power Button [PWRF]
Jun  3 13:19:43 vvaucoul kernel: [    0.763764] input: Sleep Button as /devices/LNXSYSTM:00/LNXSLPBN:00/input/input1
Jun  3 13:19:43 vvaucoul kernel: [    0.763776] ACPI: button: Sleep Button [SLPF]
Jun  3 13:19:43 vvaucoul kernel: [    0.763839] ACPI: video: Video Device [GFX0] (multi-head: yes  rom: no  post: no)
Jun  3 13:19:43 vvaucoul kernel: [    0.763875] input: Video Bus as /devices/LNXSYSTM:00/LNXSYBUS:00/PNP0A03:00/LNXVIDEO:00/input/input2
Jun  3 13:19:43 vvaucoul kernel: [    0.764386] Serial: 8250/16550 driver, 4 ports, IRQ sharing enabled
Jun  3 13:19:43 vvaucoul kernel: [    0.764767] ACPI: battery: Slot [BAT0] (battery present)
Jun  3 13:19:43 vvaucoul kernel: [    0.765630] Non-volatile memory driver v1.3
Jun  3 13:19:43 vvaucoul kernel: [    0.765632] Linux agpgart interface v0.103
Jun  3 13:19:43 vvaucoul kernel: [    0.765656] ACPI: bus type drm_connector registered
Jun  3 13:19:43 vvaucoul kernel: [    0.768665] loop: module loaded
Jun  3 13:19:43 vvaucoul kernel: [    0.768726] ahci 0000:00:1f.2: version 3.0
Jun  3 13:19:43 vvaucoul kernel: [    0.769212] ahci 0000:00:1f.2: SSS flag set, parallel bus scan disabled
Jun  3 13:19:43 vvaucoul kernel: [    0.769411] ahci 0000:00:1f.2: AHCI 0001.0100 32 slots 3 ports 3 Gbps 0x7 impl SATA mode
Jun  3 13:19:43 vvaucoul kernel: [    0.769414] ahci 0000:00:1f.2: flags: 64bit ncq stag only ccc 
Jun  3 13:19:43 vvaucoul kernel: [    0.770197] scsi host0: ahci
Jun  3 13:19:43 vvaucoul kernel: [    0.770723] scsi host1: ahci
Jun  3 13:19:43 vvaucoul kernel: [    0.773738] scsi host2: ahci
Jun  3 13:19:43 vvaucoul kernel: [    0.773841] ata1: SATA max UDMA/133 abar m8192@0xe8804000 port 0xe8804100 irq 24
Jun  3 13:19:43 vvaucoul kernel: [    0.773847] ata2: SATA max UDMA/133 abar m8192@0xe8804000 port 0xe8804180 irq 24
Jun  3 13:19:43 vvaucoul kernel: [    0.773851] ata3: SATA max UDMA/133 abar m8192@0xe8804000 port 0xe8804200 irq 24
Jun  3 13:19:43 vvaucoul kernel: [    0.773910] ata_piix 0000:00:1f.1: version 2.13
Jun  3 13:19:43 vvaucoul kernel: [    0.774892] scsi host3: ata_piix
Jun  3 13:19:43 vvaucoul kernel: [    0.775333] scsi host4: ata_piix
Jun  3 13:19:43 vvaucoul kernel: [    0.775353] ata4: PATA max UDMA/33 cmd 0x1f0 ctl 0x3f6 bmdma 0xd040 irq 14
Jun  3 13:19:43 vvaucoul kernel: [    0.775354] ata5: PATA max UDMA/33 cmd 0x170 ctl 0x376 bmdma 0xd048 irq 15
Jun  3 13:19:43 vvaucoul kernel: [    0.775531] e100: Intel(R) PRO/100 Network Driver
Jun  3 13:19:43 vvaucoul kernel: [    0.775532] e100: Copyright(c) 1999-2006 Intel Corporation
Jun  3 13:19:43 vvaucoul kernel: [    0.775536] e1000: Intel(R) PRO/1000 Network Driver
Jun  3 13:19:43 vvaucoul kernel: [    0.775537] e1000: Copyright (c) 1999-2006 Intel Corporation.
Jun  3 13:19:43 vvaucoul kernel: [    0.948533] ata4.00: ATAPI: VBOX CD-ROM, 1.0, max UDMA/133
Jun  3 13:19:43 vvaucoul kernel: [    1.080670] ata1: SATA link up 3.0 Gbps (SStatus 123 SControl 300)
Jun  3 13:19:43 vvaucoul kernel: [    1.080839] ata1.00: ATA-6: VBOX HARDDISK, 1.0, max UDMA/133
Jun  3 13:19:43 vvaucoul kernel: [    1.080842] ata1.00: 67108864 sectors, multi 128: LBA48 NCQ (depth 32)
Jun  3 13:19:43 vvaucoul kernel: [    1.081047] ata1.00: configured for UDMA/133
Jun  3 13:19:43 vvaucoul kernel: [    1.081106] scsi 0:0:0:0: Direct-Access     ATA      VBOX HARDDISK    1.0  PQ: 0 ANSI: 5
Jun  3 13:19:43 vvaucoul kernel: [    1.081403] scsi 0:0:0:0: Attached scsi generic sg0 type 0
Jun  3 13:19:43 vvaucoul kernel: [    1.081645] sd 0:0:0:0: [sda] 67108864 512-byte logical blocks: (34.4 GB/32.0 GiB)
Jun  3 13:19:43 vvaucoul kernel: [    1.081650] sd 0:0:0:0: [sda] Write Protect is off
Jun  3 13:19:43 vvaucoul kernel: [    1.081652] sd 0:0:0:0: [sda] Mode Sense: 00 3a 00 00
Jun  3 13:19:43 vvaucoul kernel: [    1.081658] sd 0:0:0:0: [sda] Write cache: enabled, read cache: enabled, doesn't support DPO or FUA
Jun  3 13:19:43 vvaucoul kernel: [    1.081666] sd 0:0:0:0: [sda] Preferred minimum I/O size 512 bytes
Jun  3 13:19:43 vvaucoul kernel: [    1.087303]  sda: sda1 sda2 sda3 sda4
Jun  3 13:19:43 vvaucoul kernel: [    1.087855] sd 0:0:0:0: [sda] Attached SCSI disk
Jun  3 13:19:43 vvaucoul kernel: [    1.128206] e1000 0000:00:03.0 eth0: (PCI:33MHz:32-bit) 08:00:27:d8:c6:c1
Jun  3 13:19:43 vvaucoul kernel: [    1.128214] e1000 0000:00:03.0 eth0: Intel(R) PRO/1000 Network Connection
Jun  3 13:19:43 vvaucoul kernel: [    1.128240] e1000e: Intel(R) PRO/1000 Network Driver
Jun  3 13:19:43 vvaucoul kernel: [    1.128241] e1000e: Copyright(c) 1999 - 2015 Intel Corporation.
Jun  3 13:19:43 vvaucoul kernel: [    1.128250] sky2: driver version 1.30
Jun  3 13:19:43 vvaucoul kernel: [    1.128529] ehci_hcd: USB 2.0 'Enhanced' Host Controller (EHCI) Driver
Jun  3 13:19:43 vvaucoul kernel: [    1.128530] ehci-pci: EHCI PCI platform driver
Jun  3 13:19:43 vvaucoul kernel: [    1.128997] ehci-pci 0000:00:1f.5: EHCI Host Controller
Jun  3 13:19:43 vvaucoul kernel: [    1.129202] ehci-pci 0000:00:1f.5: new USB bus registered, assigned bus number 1
Jun  3 13:19:43 vvaucoul kernel: [    1.129494] ehci-pci 0000:00:1f.5: irq 25, io mem 0xe8807000
Jun  3 13:19:43 vvaucoul kernel: [    1.139008] ehci-pci 0000:00:1f.5: USB 2.0 started, EHCI 1.00
Jun  3 13:19:43 vvaucoul kernel: [    1.139042] usb usb1: New USB device found, idVendor=1d6b, idProduct=0002, bcdDevice= 5.18
Jun  3 13:19:43 vvaucoul kernel: [    1.139044] usb usb1: New USB device strings: Mfr=3, Product=2, SerialNumber=1
Jun  3 13:19:43 vvaucoul kernel: [    1.139045] usb usb1: Product: EHCI Host Controller
Jun  3 13:19:43 vvaucoul kernel: [    1.139046] usb usb1: Manufacturer: Linux 5.18.0-next-20220603 ehci_hcd
Jun  3 13:19:43 vvaucoul kernel: [    1.139047] usb usb1: SerialNumber: 0000:00:1f.5
Jun  3 13:19:43 vvaucoul kernel: [    1.139283] hub 1-0:1.0: USB hub found
Jun  3 13:19:43 vvaucoul kernel: [    1.139286] hub 1-0:1.0: 12 ports detected
Jun  3 13:19:43 vvaucoul kernel: [    1.139439] ohci_hcd: USB 1.1 'Open' Host Controller (OHCI) Driver
Jun  3 13:19:43 vvaucoul kernel: [    1.139444] ohci-pci: OHCI PCI platform driver
Jun  3 13:19:43 vvaucoul kernel: [    1.140092] ohci-pci 0000:00:1f.4: OHCI PCI host controller
Jun  3 13:19:43 vvaucoul kernel: [    1.140258] ohci-pci 0000:00:1f.4: new USB bus registered, assigned bus number 2
Jun  3 13:19:43 vvaucoul kernel: [    1.140381] ohci-pci 0000:00:1f.4: irq 26, io mem 0xe8806000
Jun  3 13:19:43 vvaucoul kernel: [    1.200839] usb usb2: New USB device found, idVendor=1d6b, idProduct=0001, bcdDevice= 5.18
Jun  3 13:19:43 vvaucoul kernel: [    1.200843] usb usb2: New USB device strings: Mfr=3, Product=2, SerialNumber=1
Jun  3 13:19:43 vvaucoul kernel: [    1.200844] usb usb2: Product: OHCI PCI host controller
Jun  3 13:19:43 vvaucoul kernel: [    1.200845] usb usb2: Manufacturer: Linux 5.18.0-next-20220603 ohci_hcd
Jun  3 13:19:43 vvaucoul kernel: [    1.200846] usb usb2: SerialNumber: 0000:00:1f.4
Jun  3 13:19:43 vvaucoul kernel: [    1.201110] hub 2-0:1.0: USB hub found
Jun  3 13:19:43 vvaucoul kernel: [    1.201121] hub 2-0:1.0: 12 ports detected
Jun  3 13:19:43 vvaucoul kernel: [    1.201524] uhci_hcd: USB Universal Host Controller Interface driver
Jun  3 13:19:43 vvaucoul kernel: [    1.201550] usbcore: registered new interface driver usblp
Jun  3 13:19:43 vvaucoul kernel: [    1.201556] usbcore: registered new interface driver usb-storage
Jun  3 13:19:43 vvaucoul kernel: [    1.201572] i8042: PNP: PS/2 Controller [PNP0303:PS2K,PNP0f03:PS2M] at 0x60,0x64 irq 1,12
Jun  3 13:19:43 vvaucoul kernel: [    1.202072] serio: i8042 KBD port at 0x60,0x64 irq 1
Jun  3 13:19:43 vvaucoul kernel: [    1.202076] serio: i8042 AUX port at 0x60,0x64 irq 12
Jun  3 13:19:43 vvaucoul kernel: [    1.203699] input: AT Translated Set 2 keyboard as /devices/platform/i8042/serio0/input/input3
Jun  3 13:19:43 vvaucoul kernel: [    1.203801] rtc_cmos 00:02: registered as rtc0
Jun  3 13:19:43 vvaucoul kernel: [    1.203819] rtc_cmos 00:02: alarms up to one day, 114 bytes nvram, hpet irqs
Jun  3 13:19:43 vvaucoul kernel: [    1.204850] fail to initialize ptp_kvm
Jun  3 13:19:43 vvaucoul kernel: [    1.205057] device-mapper: ioctl: 4.46.0-ioctl (2022-02-22) initialised: dm-devel@redhat.com
Jun  3 13:19:43 vvaucoul kernel: [    1.205061] intel_pstate: CPU model not supported
Jun  3 13:19:43 vvaucoul kernel: [    1.205071] hid: raw HID events driver (C) Jiri Kosina
Jun  3 13:19:43 vvaucoul kernel: [    1.205177] usbcore: registered new interface driver usbhid
Jun  3 13:19:43 vvaucoul kernel: [    1.205178] usbhid: USB HID core driver
Jun  3 13:19:43 vvaucoul kernel: [    1.213006] Initializing XFRM netlink socket
Jun  3 13:19:43 vvaucoul kernel: [    1.213130] NET: Registered PF_INET6 protocol family
Jun  3 13:19:43 vvaucoul kernel: [    1.213907] Segment Routing with IPv6
Jun  3 13:19:43 vvaucoul kernel: [    1.213914] In-situ OAM (IOAM) with IPv6
Jun  3 13:19:43 vvaucoul kernel: [    1.213935] sit: IPv6, IPv4 and MPLS over IPv4 tunneling driver
Jun  3 13:19:43 vvaucoul kernel: [    1.214018] NET: Registered PF_PACKET protocol family
Jun  3 13:19:43 vvaucoul kernel: [    1.214039] 9pnet: Installing 9P2000 support
Jun  3 13:19:43 vvaucoul kernel: [    1.214049] Key type dns_resolver registered
Jun  3 13:19:43 vvaucoul kernel: [    1.215095] IPI shorthand broadcast: enabled
Jun  3 13:19:43 vvaucoul kernel: [    1.215117] sched_clock: Marking stable (1181237694, 33546441)->(1228932771, -14148636)
Jun  3 13:19:43 vvaucoul kernel: [    1.215650] registered taskstats version 1
Jun  3 13:19:43 vvaucoul kernel: [    1.215651] Loading compiled-in X.509 certificates
Jun  3 13:19:43 vvaucoul kernel: [    1.216048] cryptomgr_test (72) used greatest stack depth: 15528 bytes left
Jun  3 13:19:43 vvaucoul kernel: [    1.221916] PM:   Magic number: 10:660:326
Jun  3 13:19:43 vvaucoul kernel: [    1.224933] printk: console [netcon0] enabled
Jun  3 13:19:43 vvaucoul kernel: [    1.224935] netconsole: network logging started
Jun  3 13:19:43 vvaucoul kernel: [    1.225135] cfg80211: Loading compiled-in X.509 certificates for regulatory database
Jun  3 13:19:43 vvaucoul kernel: [    1.225191] printk: console [netcon0] printing thread started
Jun  3 13:19:43 vvaucoul kernel: [    1.225367] kworker/u8:0 (96) used greatest stack depth: 14736 bytes left
Jun  3 13:19:43 vvaucoul kernel: [    1.226039] cfg80211: Loaded X.509 cert 'sforshee: 00b28ddf47aef9cea7'
Jun  3 13:19:43 vvaucoul kernel: [    1.226046] ALSA device list:
Jun  3 13:19:43 vvaucoul kernel: [    1.226046]   No soundcards found.
Jun  3 13:19:43 vvaucoul kernel: [    1.226953] cryptomgr_probe (98) used greatest stack depth: 14512 bytes left
Jun  3 13:19:43 vvaucoul kernel: [    1.226989] platform regulatory.0: Direct firmware load for regulatory.db failed with error -2
Jun  3 13:19:43 vvaucoul kernel: [    1.226991] cfg80211: failed to load regulatory.db
Jun  3 13:19:43 vvaucoul kernel: [    1.395184] ata2: SATA link up 3.0 Gbps (SStatus 123 SControl 300)
Jun  3 13:19:43 vvaucoul kernel: [    1.395325] ata2.00: ATA-6: VBOX HARDDISK, 1.0, max UDMA/133
Jun  3 13:19:43 vvaucoul kernel: [    1.395328] ata2.00: 67108864 sectors, multi 128: LBA48 NCQ (depth 32)
Jun  3 13:19:43 vvaucoul kernel: [    1.395591] ata2.00: configured for UDMA/133
Jun  3 13:19:43 vvaucoul kernel: [    1.395783] scsi 1:0:0:0: Direct-Access     ATA      VBOX HARDDISK    1.0  PQ: 0 ANSI: 5
Jun  3 13:19:43 vvaucoul kernel: [    1.396041] sd 1:0:0:0: [sdb] 67108864 512-byte logical blocks: (34.4 GB/32.0 GiB)
Jun  3 13:19:43 vvaucoul kernel: [    1.396069] sd 1:0:0:0: [sdb] Write Protect is off
Jun  3 13:19:43 vvaucoul kernel: [    1.396070] sd 1:0:0:0: [sdb] Mode Sense: 00 3a 00 00
Jun  3 13:19:43 vvaucoul kernel: [    1.396078] sd 1:0:0:0: [sdb] Write cache: enabled, read cache: enabled, doesn't support DPO or FUA
Jun  3 13:19:43 vvaucoul kernel: [    1.396086] sd 1:0:0:0: [sdb] Preferred minimum I/O size 512 bytes
Jun  3 13:19:43 vvaucoul kernel: [    1.396122] sd 1:0:0:0: Attached scsi generic sg1 type 0
Jun  3 13:19:43 vvaucoul kernel: [    1.402031]  sdb: sdb1 sdb2 sdb3
Jun  3 13:19:43 vvaucoul kernel: [    1.402596] sd 1:0:0:0: [sdb] Attached SCSI disk
Jun  3 13:19:43 vvaucoul kernel: [    1.410000] input: ImExPS/2 Generic Explorer Mouse as /devices/platform/i8042/serio1/input/input5
Jun  3 13:19:43 vvaucoul kernel: [    1.516660] usb 2-1: new full-speed USB device number 2 using ohci-pci
Jun  3 13:19:43 vvaucoul kernel: [    1.708919] ata3: SATA link down (SStatus 0 SControl 300)
Jun  3 13:19:43 vvaucoul kernel: [    1.709417] scsi 3:0:0:0: CD-ROM            VBOX     CD-ROM           1.0  PQ: 0 ANSI: 5
Jun  3 13:19:43 vvaucoul kernel: [    1.710366] sr 3:0:0:0: [sr0] scsi3-mmc drive: 32x/32x xa/form2 tray
Jun  3 13:19:43 vvaucoul kernel: [    1.710368] cdrom: Uniform CD-ROM driver Revision: 3.20
Jun  3 13:19:43 vvaucoul kernel: [    1.712559] sr 3:0:0:0: Attached scsi CD-ROM sr0
Jun  3 13:19:43 vvaucoul kernel: [    1.712683] sr 3:0:0:0: Attached scsi generic sg2 type 5
Jun  3 13:19:43 vvaucoul kernel: [    1.787937] usb 2-1: New USB device found, idVendor=80ee, idProduct=0021, bcdDevice= 1.00
Jun  3 13:19:43 vvaucoul kernel: [    1.787942] usb 2-1: New USB device strings: Mfr=1, Product=3, SerialNumber=0
Jun  3 13:19:43 vvaucoul kernel: [    1.787943] usb 2-1: Product: USB Tablet
Jun  3 13:19:43 vvaucoul kernel: [    1.787944] usb 2-1: Manufacturer: VirtualBox
Jun  3 13:19:43 vvaucoul kernel: [    1.808032] input: VirtualBox USB Tablet as /devices/pci0000:00/0000:00:1f.4/usb2/2-1/2-1:1.0/0003:80EE:0021.0001/input/input6
Jun  3 13:19:43 vvaucoul kernel: [    1.808829] hid-generic 0003:80EE:0021.0001: input,hidraw0: USB HID v1.10 Mouse [VirtualBox USB Tablet] on usb-0000:00:1f.4-1/input0
Jun  3 13:19:43 vvaucoul kernel: [   11.597405] md: Waiting for all devices to be available before autodetect
Jun  3 13:19:43 vvaucoul kernel: [   11.597408] md: If you don't use raid, use raid=noautodetect
Jun  3 13:19:43 vvaucoul kernel: [   11.597408] md: Autodetecting RAID arrays.
Jun  3 13:19:43 vvaucoul kernel: [   11.597409] md: autorun ...
Jun  3 13:19:43 vvaucoul kernel: [   11.597410] md: ... autorun DONE.
Jun  3 13:19:43 vvaucoul kernel: [   11.604628] EXT4-fs (sda4): mounted filesystem with ordered data mode. Quota mode: none.
Jun  3 13:19:43 vvaucoul kernel: [   11.604689] VFS: Mounted root (ext4 filesystem) readonly on device 8:4.
Jun  3 13:19:43 vvaucoul kernel: [   11.605841] devtmpfs: mounted
Jun  3 13:19:43 vvaucoul kernel: [   11.606138] Freeing unused kernel image (initmem) memory: 1276K
Jun  3 13:19:43 vvaucoul kernel: [   11.614097] Write protecting the kernel read-only data: 24576k
Jun  3 13:19:43 vvaucoul kernel: [   11.615470] Freeing unused kernel image (text/rodata gap) memory: 2032K
Jun  3 13:19:43 vvaucoul kernel: [   11.616279] Freeing unused kernel image (rodata/data gap) memory: 968K
Jun  3 13:19:43 vvaucoul kernel: [   11.616386] Run /sbin/init as init process
Jun  3 13:19:43 vvaucoul kernel: [   11.616388]   with arguments:
Jun  3 13:19:43 vvaucoul kernel: [   11.616388]     /sbin/init
Jun  3 13:19:43 vvaucoul kernel: [   11.616389]   with environment:
Jun  3 13:19:43 vvaucoul kernel: [   11.616389]     HOME=/
Jun  3 13:19:43 vvaucoul kernel: [   11.616389]     TERM=linux
Jun  3 13:19:43 vvaucoul kernel: [   11.616390]     BOOT_IMAGE=/vmlinuz-linux-next-kernel
Jun  3 13:19:43 vvaucoul kernel: [   11.663163] stty (107) used greatest stack depth: 13096 bytes left
Jun  3 13:19:43 vvaucoul kernel: <30>[   11.790342] udevd[184]: starting version 3.2.11
Jun  3 13:19:43 vvaucoul kernel: [   12.159330] random: crng init done
Jun  3 13:19:43 vvaucoul kernel: <30>[   12.172432] udevd[185]: starting eudev-3.2.11
Jun  3 13:19:43 vvaucoul kernel: [   12.223576] e1000 0000:00:03.0 enp0s3: renamed from eth0
Jun  3 13:19:43 vvaucoul kernel: [   13.193987] Adding 4194300k swap on /dev/sda3.  Priority:1 extents:1 across:4194300k 
Jun  3 13:19:43 vvaucoul kernel: [   13.206699] EXT4-fs (sda4): re-mounted. Quota mode: none.
Jun  3 13:19:43 vvaucoul kernel: [   13.241391] EXT4-fs (sda4): re-mounted. Quota mode: none.
Jun  3 13:19:43 vvaucoul kernel: [   13.253202] EXT4-fs (sda2): mounting ext2 file system using the ext4 subsystem
Jun  3 13:19:43 vvaucoul kernel: [   13.254700] EXT4-fs (sda2): warning: mounting unchecked fs, running e2fsck is recommended
Jun  3 13:19:43 vvaucoul kernel: [   13.255218] EXT4-fs (sda2): mounted filesystem without journal. Quota mode: none.
Jun  3 13:19:43 vvaucoul kernel: [   14.457933] e1000: enp0s3 NIC Link is Up 1000 Mbps Full Duplex, Flow Control: RX
Jun  3 13:19:43 vvaucoul kernel: [   14.458197] IPv6: ADDRCONF(NETDEV_CHANGE): enp0s3: link becomes ready